###############################################################################
#
# IAR ELF Linker V9.30.1.335/W64 for ARM                  12/Sep/2022  02:23:44
# Copyright 2007-2022 IAR Systems AB.
#
#    Output file  =
#        C:\Users\joaov\OneDrive\햞ea de Trabalho\Estudos\2022.2\Sistemas
#        Embarcados\kamiros7_ELF74\Lab3\Debug\Exe\Lab3.out
#    Map file     =
#        C:\Users\joaov\OneDrive\햞ea de Trabalho\Estudos\2022.2\Sistemas
#        Embarcados\kamiros7_ELF74\Lab3\Debug\List\Lab3.map
#    Command line =
#        -f "C:\Users\joaov\OneDrive\햞ea de Trabalho\Estudos\2022.2\Sistemas
#        Embarcados\kamiros7_ELF74\Lab3\Debug\Exe\Lab3.out.rsp"
#        ("C:\Users\joaov\OneDrive\햞ea de Trabalho\Estudos\2022.2\Sistemas
#        Embarcados\kamiros7_ELF74\Lab3\Debug\Obj\histogram.o"
#        "C:\Users\joaov\OneDrive\햞ea de Trabalho\Estudos\2022.2\Sistemas
#        Embarcados\kamiros7_ELF74\Lab3\Debug\Obj\images.o"
#        "C:\Users\joaov\OneDrive\햞ea de Trabalho\Estudos\2022.2\Sistemas
#        Embarcados\kamiros7_ELF74\Lab3\Debug\Obj\main.o" --no_out_extension -o
#        "C:\Users\joaov\OneDrive\햞ea de Trabalho\Estudos\2022.2\Sistemas
#        Embarcados\kamiros7_ELF74\Lab3\Debug\Exe\Lab3.out" --redirect
#        _Printf=_PrintfFullNoMb --redirect _Scanf=_ScanfFullNoMb --map
#        "C:\Users\joaov\OneDrive\햞ea de Trabalho\Estudos\2022.2\Sistemas
#        Embarcados\kamiros7_ELF74\Lab3\Debug\List\Lab3.map" --config
#        "C:\Program Files\IAR Systems\Embedded Workbench
#        9.1\arm/config/linker/TexasInstruments/TM4C1294NC.icf" --semihosting
#        --entry __iar_program_start --vfe --text_out locale --cpu=Cortex-M4
#        --fpu=VFPv4_sp)
#
###############################################################################

*******************************************************************************
*** RUNTIME MODEL ATTRIBUTES
***

CppFlavor                     = *
__CPP_Exceptions              = Disabled
__CPP_Language                = C++14
__CPP_Library                 = DLib
__CPP_Runtime                 = 1
__Heap_Handler                = Basic
__SystemLibrary               = DLib
__dlib_dynamic_initialization = normal
__dlib_version                = 6


*******************************************************************************
*** HEAP SELECTION
***

The basic heap was selected because --advanced_heap
was not specified and the application did not appear to
be primarily optimized for speed.


*******************************************************************************
*** PLACEMENT SUMMARY
***

"A0":  place at address 0x0 { ro section .intvec };
"P1":  place in [from 0x0 to 0xf'ffff] { ro };
define block CSTACK with size = 32K, alignment = 8 { };
define block HEAP with size = 64K, alignment = 8 { };
"P2":  place in [from 0x2000'0000 to 0x2003'ffff] {
          rw, block CSTACK, block HEAP };
initialize by copy { rw };

  Section                Kind         Address      Size  Object
  -------                ----         -------      ----  ------
"A0":                                              0x40
  .intvec                ro code          0x0      0x40  vector_table_M.o [6]
                                       - 0x40      0x40

"P1":                                            0x3b50
  .text                  ro code         0x40     0xe8e  xprintffull_nomb.o [2]
  .text                  ro code        0xece      0x2a  copy_init3.o [6]
  .text                  ro code        0xef8      0x16  strchr.o [6]
  .text                  ro code        0xf0e       0xa  xsprout.o [2]
  .text                  ro code        0xf18      0x40  xfail_s.o [2]
  .text                  ro code        0xf58      0x36  strlen.o [6]
  .text                  ro code        0xf8e       0x6  iostream_cout.o [3]
  .text                  ro code        0xf94      0x58  memchr.o [6]
  .text                  ro code        0xfec      0xa6  ABImemcpy.o [6]
  .text                  ro code       0x1092       0x2  iostream_cout.o [3]
  .text                  ro code       0x1094      0x70  frexp.o [5]
  .text                  ro code       0x1104      0x34  DblCmpLe.o [5]
  .text                  ro code       0x1138      0x34  DblCmpGe.o [5]
  .text                  ro code       0x116c     0x13a  ldexp.o [5]
  .text                  ro code       0x12a6       0x2  iostream_cout.o [3]
  .text                  ro code       0x12a8      0x36  DblToS32.o [5]
  .text                  ro code       0x12de       0x2  vectortrap_M.o [6]
  .text                  ro code       0x12e0      0x22  S32ToDbl.o [5]
  .rodata                const         0x1302       0x1  main.o [1]
  .rodata                zero          0x1303       0x1  main.o [1]
  .text                  ro code       0x1304     0x24e  DblAddSub.o [5]
  .rodata                zero          0x1552       0x1  main.o [1]
  .rodata                const         0x1553       0x1  unwind_debug.o [7]
  .text                  ro code       0x1554     0x246  DblDiv.o [5]
  .text                  ro code       0x179c      0x22  DblToU32.o [5]
  .text                  ro code       0x17c0      0x1c  U32ToDbl.o [5]
  .text                  ro code       0x17dc     0x1aa  DblMul.o [5]
  .text                  ro code       0x1988     0x230  I64DivMod.o [6]
  .text                  ro code       0x1bb8       0x6  abort.o [2]
  .text                  ro code       0x1bc0       0x2  I64DivZer.o [6]
  .text                  ro code       0x1bc4      0x14  exit.o [7]
  .text                  ro code       0x1bd8      0x7c  iarttio.o [7]
  .text                  ro code       0x1c54       0x8  XShttio.o [2]
  .text                  ro code       0x1c5c     0x234  main.o [1]
  .text                  ro code       0x1e90       0x4  main.o [1]
  .text                  ro code       0x1e94       0x6  main.o [1]
  .text                  ro code       0x1e9c      0x20  main.o [1]
  .text                  ro code       0x1ebc      0x2a  main.o [1]
  .text                  ro code       0x1ee6       0xc  main.o [1]
  .text                  ro code       0x1ef2      0x12  main.o [1]
  .text                  ro code       0x1f04      0x30  main.o [1]
  .text                  ro code       0x1f34       0xa  main.o [1]
  .text                  ro code       0x1f3e       0xc  main.o [1]
  .text                  ro code       0x1f4a       0xa  main.o [1]
  .text                  ro code       0x1f54      0x96  main.o [1]
  .text                  ro code       0x1fea       0xa  main.o [1]
  .text                  ro code       0x1ff4       0x4  main.o [1]
  .text                  ro code       0x1ff8      0x2e  main.o [1]
  .text                  ro code       0x2026      0x2e  main.o [1]
  .text                  ro code       0x2054       0x8  main.o [1]
  .text                  ro code       0x205c      0x12  main.o [1]
  .text                  ro code       0x2070      0x18  main.o [1]
  .text                  ro code       0x2088       0x8  main.o [1]
  .text                  ro code       0x2090      0x7a  main.o [1]
  .text                  ro code       0x210a      0x3a  main.o [1]
  .text                  ro code       0x2144       0xc  main.o [1]
  .text                  ro code       0x2150      0x18  main.o [1]
  .text                  ro code       0x2168       0xa  cxxabi.o [4]
  .text                  ro code       0x2172       0xc  main.o [1]
  .text                  ro code       0x217e       0xa  main.o [1]
  .text                  ro code       0x2188      0x7a  main.o [1]
  .text                  ro code       0x2202       0xe  main.o [1]
  .text                  ro code       0x2210      0x2a  main.o [1]
  .text                  ro code       0x223a      0x28  main.o [1]
  .text                  ro code       0x2262       0xa  main.o [1]
  .text                  ro code       0x226c       0x2  main.o [1]
  .text                  ro code       0x226e      0x2e  main.o [1]
  .text                  ro code       0x229c       0x2  main.o [1]
  .text                  ro code       0x229e       0x8  main.o [1]
  .text                  ro code       0x22a8      0x18  main.o [1]
  .text                  ro code       0x22c0       0xa  main.o [1]
  .text                  ro code       0x22ca       0x8  main.o [1]
  .text                  ro code       0x22d2       0x8  main.o [1]
  .text                  ro code       0x22da       0x8  main.o [1]
  .text                  ro code       0x22e4      0x10  main.o [1]
  .text                  ro code       0x22f4       0xe  main.o [1]
  .text                  ro code       0x2302       0x8  main.o [1]
  .text                  ro code       0x230a       0x8  main.o [1]
  .text                  ro code       0x2312      0x12  main.o [1]
  .text                  ro code       0x2324       0x8  main.o [1]
  .text                  ro code       0x232c      0xa0  cppinit.o [2]
  .text                  ro code       0x23cc       0x8  main.o [1]
  .text                  ro code       0x23d4      0x12  main.o [1]
  .text                  ro code       0x23e6      0x18  main.o [1]
  .text                  ro code       0x23fe      0xd6  main.o [1]
  .text                  ro code       0x24d4      0x96  ABImemmove.o [6]
  .text                  ro code       0x256a       0x6  main.o [1]
  .text                  ro code       0x2570      0x10  main.o [1]
  .text                  ro code       0x2580      0x32  main.o [1]
  .text                  ro code       0x25b2      0x12  main.o [1]
  .text                  ro code       0x25c4       0xc  main.o [1]
  .text                  ro code       0x25d0      0x1c  main.o [1]
  .text                  ro code       0x25ec       0x2  main.o [1]
  .text                  ro code       0x25ee       0x8  main.o [1]
  .text                  ro code       0x25f6       0x2  main.o [1]
  .text                  ro code       0x25f8       0xc  main.o [1]
  .text                  ro code       0x2604       0x2  main.o [1]
  .text                  ro code       0x2608      0x28  main.o [1]
  .text                  ro code       0x2630       0x2  main.o [1]
  .text                  ro code       0x2632       0x8  main.o [1]
  .text                  ro code       0x263a       0x8  main.o [1]
  .text                  ro code       0x2642       0x8  main.o [1]
  .text                  ro code       0x264a       0x2  main.o [1]
  .text                  ro code       0x264c      0x18  main.o [1]
  .text                  ro code       0x2664      0x66  ABImemset.o [6]
  .text                  ro code       0x26ca      0x18  main.o [1]
  .text                  ro code       0x26e2       0xe  main.o [1]
  .text                  ro code       0x26f0       0x4  main.o [1]
  .text                  ro code       0x26f4       0x2  main.o [1]
  .text                  ro code       0x26f6       0x8  main.o [1]
  .text                  ro code       0x26fe       0xa  main.o [1]
  .text                  ro code       0x2708       0x2  main.o [1]
  .text                  ro code       0x270a       0x8  main.o [1]
  .text                  ro code       0x2714      0x44  main.o [1]
  .text                  ro code       0x2758       0x4  main.o [1]
  .text                  ro code       0x275c       0x2  main.o [1]
  .text                  ro code       0x275e       0x8  main.o [1]
  .text                  ro code       0x2766       0xc  main.o [1]
  .text                  ro code       0x2772       0x2  main.o [1]
  .text                  ro code       0x2774      0x18  main.o [1]
  .text                  ro code       0x278c       0x2  main.o [1]
  .text                  ro code       0x278e       0xa  delop_0.o [4]
  .text                  ro code       0x2798      0x34  main.o [1]
  .text                  ro code       0x27cc      0x1a  main.o [1]
  .text                  ro code       0x27e6       0x6  main.o [1]
  .text                  ro code       0x27ec      0x12  main.o [1]
  .text                  ro code       0x27fe      0x20  main.o [1]
  .text                  ro code       0x281e       0x4  heaptramp0.o [2]
  .text                  ro code       0x2824     0x13c  heap0.o [2]
  .text                  ro code       0x2960      0x24  newop_0.o [4]
  .text                  ro code       0x2984       0x4  main.o [1]
  .text                  ro code       0x2988      0x2c  xgetmemchunk.o [2]
  .text                  ro code       0x29b4       0x4  nomemory.o [4]
  .text                  ro code       0x29b8     0x1b2  main.o [1]
  .text                  ro code       0x2b6a       0x8  main.o [1]
  .text                  ro code       0x2b72      0x72  main.o [1]
  .text                  ro code       0x2be4       0x4  main.o [1]
  .text                  ro code       0x2be8       0x8  main.o [1]
  .text                  ro code       0x2bf0       0x6  main.o [1]
  .text                  ro code       0x2bf6       0x4  main.o [1]
  .text                  ro code       0x2bfa       0xa  main.o [1]
  .text                  ro code       0x2c04      0x28  main.o [1]
  .text                  ro code       0x2c2c       0xe  main.o [1]
  .text                  ro code       0x2c3a       0x8  main.o [1]
  .text                  ro code       0x2c42      0x14  main.o [1]
  .text                  ro code       0x2c56       0x4  main.o [1]
  .text                  ro code       0x2c5a      0x54  main.o [1]
  .text                  ro code       0x2cae       0x4  main.o [1]
  .text                  ro code       0x2cb2      0x18  main.o [1]
  .text                  ro code       0x2cca       0x8  main.o [1]
  .text                  ro code       0x2cd2      0x28  main.o [1]
  .text                  ro code       0x2cfa       0xa  main.o [1]
  .text                  ro code       0x2d04      0x14  main.o [1]
  .text                  ro code       0x2d18     0x100  ios.o [3]
  .text                  ro code       0x2e18       0x8  main.o [1]
  .text                  ro code       0x2e20      0x54  main.o [1]
  .text                  ro code       0x2e74       0x8  main.o [1]
  .text                  ro code       0x2e7c       0x4  delop4_0.o [4]
  .text                  ro code       0x2e80      0x48  main.o [1]
  .text                  ro code       0x2ec8      0x46  main.o [1]
  .text                  ro code       0x2f0e      0xa4  main.o [1]
  .text                  ro code       0x2fb4      0x20  main.o [1]
  .text                  ro code       0x2fd4       0x8  main.o [1]
  .text                  ro code       0x2fdc      0x28  main.o [1]
  .text                  ro code       0x3004       0x4  main.o [1]
  .text                  ro code       0x3008      0x18  main.o [1]
  .text                  ro code       0x3020       0x8  main.o [1]
  .text                  ro code       0x3028       0xc  main.o [1]
  .text                  ro code       0x3034      0xa2  main.o [1]
  .text                  ro code       0x30d6      0x28  main.o [1]
  .text                  ro code       0x30fe      0xa0  main.o [1]
  .text                  ro code       0x31a0      0x90  main.o [1]
  .text                  ro code       0x3230       0x6  main.o [1]
  .text                  ro code       0x3238      0x5a  histogram.o [1]
  .text                  ro code       0x3294      0x90  iostream_cout.o [3]
  .text                  ro code       0x3324      0x5c  iostream_cout.o [3]
  .text                  ro code       0x3380      0x7c  main.o [1]
  .text                  ro code       0x33fc      0x22  main.o [1]
  .text                  ro code       0x341e      0x6c  main.o [1]
  .text                  ro code       0x348a      0x76  main.o [1]
  .text                  ro code       0x3500      0x60  main.o [1]
  .text                  ro code       0x3560      0x40  sprintf.o [2]
  .text                  ro code       0x35a0      0x5e  iostream_cout.o [3]
  .text                  ro code       0x35fe      0x52  main.o [1]
  .text                  ro code       0x3650      0x32  main.o [1]
  .rodata                const         0x3684      0x44  iostream_cout.o [3]
  .rodata                const         0x36c8      0x44  iostream_cout.o [3]
  .text                  ro code       0x370c      0x44  main.o [1]
  .text                  ro code       0x3750      0x38  iostream_cout.o [3]
  .text                  ro code       0x3788      0x20  putchar.o [2]
  .text                  ro code       0x37a8      0x10  write.o [7]
  .text                  ro code       0x37b8      0x1e  dwrite.o [7]
  .text                  ro code       0x37d6      0x20  iarwstd.o [7]
  .text                  ro code       0x37f6      0x22  iarwrite.o [7]
  .text                  ro code       0x3818      0x38  zero_init3.o [6]
  .rodata                const         0x3850      0x30  main.o [1]
  .rodata                const         0x3880      0x30  main.o [1]
  .text                  ro code       0x38b0      0x2e  main.o [1]
  .text                  ro code       0x38de      0x12  main.o [1]
  .text                  ro code       0x38f0       0x6  main.o [1]
  .rodata                const         0x38f8      0x28  iostream_cout.o [3]
  .text                  ro code       0x3920      0x28  data_init.o [6]
  .rodata                const         0x3948      0x24  main.o [1]
  .rodata                const         0x396c      0x24  main.o [1]
  .text                  ro code       0x3990      0x24  main.o [1]
  .text                  ro code       0x39b4      0x18  main.o [1]
  .text                  ro code       0x39cc      0x22  fpinit_M.o [5]
  .iar.init_table        const         0x39f0      0x28  - Linker created -
  .text                  ro code       0x3a18      0x20  cmain_call_ctors.o [6]
  .text                  ro code       0x3a38      0x1e  cmain.o [6]
  .text                  ro code       0x3a56       0x4  low_level_init.o [2]
  .text                  ro code       0x3a5a       0x4  exit.o [2]
  .text                  ro code       0x3a60       0xe  cexit.o [6]
  .text                  ro code       0x3a70      0x1c  cstartup_M.o [6]
  .text                  ro code       0x3a8c      0x18  main.o [1]
  .text                  ro code       0x3aa4      0x18  main.o [1]
  .text                  ro code       0x3abc      0x14  iostream_cout.o [3]
  .rodata                const         0x3ad0      0x10  main.o [1]
  .rodata                const         0x3ae0      0x10  main.o [1]
  .rodata                const         0x3af0      0x10  ios.o [3]
  .rodata                const         0x3b00      0x10  iostream_cout.o [3]
  .text                  ro code       0x3b10       0xe  main.o [1]
  .text                  ro code       0x3b1e       0x8  main.o [1]
  .text                  ro code       0x3b26       0xe  iostream_cout.o [3]
  .rodata                const         0x3b34       0xc  main.o [1]
  .rodata                const         0x3b40       0xc  main.o [1]
  .text                  ro code       0x3b4c       0xa  main.o [1]
  .rodata                const         0x3b58       0x8  main.o [1]
  .rodata                const         0x3b60       0x8  main.o [1]
  .rodata                const         0x3b68       0x8  main.o [1]
  SHT$$PREINIT_ARRAY                   0x3b70       0x4  <Block>
    .preinit_array       const         0x3b70       0x4  iostream_cout.o [3]
  SHT$$INIT_ARRAY                      0x3b74       0x4  <Block>
    .init_array          const         0x3b74       0x4  ios.o [3]
  __iar_tls$$INIT_ARRAY                0x3b78       0x0  <Block>
  Initializer bytes      const         0x3b78       0x8  <for P2-1>
  .rodata                const         0x3b80       0x4  main.o [1]
  .rodata                const         0x3b84       0x4  main.o [1]
  .text                  ro code       0x3b88       0x4  main.o [1]
  .text                  ro code       0x3b8c       0x4  iostream_cout.o [3]
  .text                  ro code       0x3b90       0x0  cstart_call_dtors.o [6]
  .rodata                const         0x3b90       0x0  zero_init3.o [6]
  .rodata                const         0x3b90       0x0  copy_init3.o [6]
                                     - 0x3b90    0x3b50

"P2", part 1 of 3:                                  0x8
  P2-1                            0x2000'0000       0x8  <Init block>
    .data                inited   0x2000'0000       0x8  XShttio.o [2]
                                - 0x2000'0008       0x8

"P2", part 2 of 3:                                 0xf0
  .bss                   zero     0x2000'0008      0x70  iostream_cout.o [3]
  .bss                   zero     0x2000'0078      0x34  ios.o [3]
  .bss                   zero     0x2000'00ac      0x14  main.o [1]
  .bss                   zero     0x2000'00c0      0x10  ios.o [3]
  .bss                   zero     0x2000'00d0       0x8  heap0.o [2]
  .bss                   zero     0x2000'00d8       0x4  main.o [1]
  .bss                   zero     0x2000'00dc       0x4  main.o [1]
  .bss                   zero     0x2000'00e0       0x4  cppinit.o [2]
  .bss                   zero     0x2000'00e4       0x4  cppinit.o [2]
  .bss                   zero     0x2000'00e8       0x4  new.o [4]
  .bss                   zero     0x2000'00ec       0x4  xgetmemchunk.o [2]
  .bss                   zero     0x2000'00f0       0x4  xfail_s.o [2]
  .bss                   zero     0x2000'00f4       0x1  main.o [1]
  .bss                   zero     0x2000'00f5       0x1  main.o [1]
  .bss                   zero     0x2000'00f6       0x1  main.o [1]
                                - 0x2000'00f7      0xef

"P2", part 3 of 3:                             0x1'81a8
  .iar.dynexit                    0x2000'00f8     0x1a4  <Block>
    .iar.dynexit         uninit   0x2000'00f8       0xc  cppinit.o [2]
    .iar.dynexit         uninit   0x2000'0104     0x198  <Block tail>
  CSTACK                          0x2000'02a0    0x8000  <Block>
    CSTACK               uninit   0x2000'02a0    0x8000  <Block tail>
  HEAP                            0x2000'82a0  0x1'0000  <Block>
    HEAP                 uninit   0x2000'82a0  0x1'0000  <Block tail>
                                - 0x2001'82a0  0x1'81a8

Unused ranges:

         From           To      Size
         ----           --      ----
       0x3b90     0xf'ffff  0xf'c470
  0x2001'82a0  0x2003'ffff  0x2'7d60


*******************************************************************************
*** INIT TABLE
***

          Address      Size
          -------      ----
Zero (__iar_zero_init3)
    1 destination range, total size 0xef:
          0x2000'0008  0xef

Copy (__iar_copy_init3)
    1 source range, total size 0x8:
               0x3b78   0x8
    1 destination range, total size 0x8:
          0x2000'0000   0x8

Extra (__iar_cstart_call_ctors)



*******************************************************************************
*** MODULE SUMMARY
***

    Module               ro code  ro data  rw data
    ------               -------  -------  -------
command line/config:
    ----------------------------------------------
    Total:

C:\Users\joaov\OneDrive\햞ea de Trabalho\Estudos\2022.2\Sistemas Embarcados\kamiros7_ELF74\Lab3\Debug\Obj: [1]
    histogram.o               90
    main.o                 5'374      257       33
    ----------------------------------------------
    Total:                 5'464      257       33

dl7M_tln.a: [2]
    XShttio.o                  8        8        8
    abort.o                    6
    cppinit.o                160                20
    exit.o                     4
    heap0.o                  316                 8
    heaptramp0.o               4
    low_level_init.o           4
    putchar.o                 32
    sprintf.o                 64
    xfail_s.o                 64                 4
    xgetmemchunk.o            44                 4
    xprintffull_nomb.o     3'726
    xsprout.o                 10
    ----------------------------------------------
    Total:                 4'442        8       44

dlpp7M_tls_nc.a: [3]
    ios.o                    256       20       68
    iostream_cout.o          434      196      112
    ----------------------------------------------
    Total:                   690      216      180

dlpprt7M_tl_nc.a: [4]
    cxxabi.o                  10
    delop4_0.o                 4
    delop_0.o                 10
    new.o                                        4
    newop_0.o                 36
    nomemory.o                 4
    ----------------------------------------------
    Total:                    64                 4

m7M_tls.a: [5]
    DblAddSub.o              590
    DblCmpGe.o                52
    DblCmpLe.o                52
    DblDiv.o                 582
    DblMul.o                 426
    DblToS32.o                54
    DblToU32.o                34
    S32ToDbl.o                34
    U32ToDbl.o                28
    fpinit_M.o                34
    frexp.o                  112
    ldexp.o                  314
    ----------------------------------------------
    Total:                 2'312

rt7M_tl.a: [6]
    ABImemcpy.o              166
    ABImemmove.o             150
    ABImemset.o              102
    I64DivMod.o              560
    I64DivZer.o                2
    cexit.o                   14
    cmain.o                   30
    cmain_call_ctors.o        32
    copy_init3.o              42
    cstart_call_dtors.o
    cstartup_M.o              28
    data_init.o               40
    memchr.o                  88
    strchr.o                  22
    strlen.o                  54
    vector_table_M.o          64
    vectortrap_M.o             2
    zero_init3.o              56
    ----------------------------------------------
    Total:                 1'452

shb_l.a: [7]
    dwrite.o                  30
    exit.o                    20
    iarttio.o                124
    iarwrite.o                34
    iarwstd.o                 32
    unwind_debug.o                      1
    write.o                   16
    ----------------------------------------------
    Total:                   256        1

    Gaps                      36        8
    Linker created                     40   98'712
--------------------------------------------------
    Grand Total:          14'716      530   98'973


*******************************************************************************
*** ENTRY LIST
***

Entry                       Address   Size  Type      Object
-----                       -------   ----  ----      ------
.iar.dynexit$$Base      0x2000'00f8          --   Gb  - Linker created -
.iar.dynexit$$Limit     0x2000'029c          --   Gb  - Linker created -
.iar.init_table$$Base        0x39f0          --   Gb  - Linker created -
.iar.init_table$$Limit       0x3a18          --   Gb  - Linker created -
?main                        0x3a39         Code  Gb  cmain.o [6]
Aldata                  0x2000'00d0    0x8  Data  Lc  heap0.o [2]
BusFault_Handler             0x12df         Code  Wk  vectortrap_M.o [6]
CSTACK$$Base            0x2000'02a0          --   Gb  - Linker created -
CSTACK$$Limit           0x2000'82a0          --   Gb  - Linker created -
DebugMon_Handler             0x12df         Code  Wk  vectortrap_M.o [6]
DtorRecArray            0x2000'00f8    0xc  Data  Lc  cppinit.o [2]
EightBitHistogram            0x3239         Code  Gb  histogram.o [1]
HEAP$$Base              0x2000'82a0          --   Gb  - Linker created -
HEAP$$Limit             0x2001'82a0          --   Gb  - Linker created -
HardFault_Handler            0x12df         Code  Wk  vectortrap_M.o [6]
Initialization guard variable for std::ctype<char> const & std::use_facet<std::ctype<char>>()::_MyFacet
                        0x2000'00f5    0x1  Data  Wk  main.o [1]
Initialization guard variable for std::num_put<char, std::ostreambuf_iterator<char, std::char_traits<char>>> const & std::use_facet<std::num_put<char, std::ostreambuf_iterator<char, std::char_traits<char>>>>()::_MyFacet
                        0x2000'00f4    0x1  Data  Wk  main.o [1]
Initialization guard variable for std::numpunct<char> const & std::use_facet<std::numpunct<char>>()::_MyFacet
                        0x2000'00f6    0x1  Data  Wk  main.o [1]
MemManage_Handler            0x12df         Code  Wk  vectortrap_M.o [6]
NMI_Handler                  0x12df         Code  Wk  vectortrap_M.o [6]
PendSV_Handler               0x12df         Code  Wk  vectortrap_M.o [6]
Region$$Table$$Base          0x39f0          --   Gb  - Linker created -
Region$$Table$$Limit         0x3a18          --   Gb  - Linker created -
SHT$$INIT_ARRAY$$Base        0x3b74          --   Gb  - Linker created -
SHT$$INIT_ARRAY$$Limit       0x3b78          --   Gb  - Linker created -
SHT$$PREINIT_ARRAY$$Base
                             0x3b70          --   Gb  - Linker created -
SHT$$PREINIT_ARRAY$$Limit
                             0x3b74          --   Gb  - Linker created -
SVC_Handler                  0x12df         Code  Wk  vectortrap_M.o [6]
SysTick_Handler              0x12df         Code  Wk  vectortrap_M.o [6]
UsageFault_Handler           0x12df         Code  Wk  vectortrap_M.o [6]
Virtual function table for std::_Wrap_facet<std::ctype<char>>
                             0x3ae0   0x10  Data  Wk  main.o [1]
Virtual function table for std::_Wrap_facet<std::num_put<char, std::ostreambuf_iterator<char, std::char_traits<char>>>>
                             0x3880   0x30  Data  Wk  main.o [1]
Virtual function table for std::_Wrap_facet<std::numpunct<char>>
                             0x396c   0x24  Data  Wk  main.o [1]
Virtual function table for std::__nobasic_filebuf<char, std::char_traits<char>>
                             0x36c8   0x44  Data  Wk  iostream_cout.o [3]
Virtual function table for std::ctype<char>
                             0x3ad0   0x10  Data  Wk  main.o [1]
Virtual function table for std::ios
                             0x3b00   0x10  Data  Wk  iostream_cout.o [3]
Virtual function table for std::ios_base
                             0x3af0   0x10  Data  Wk  ios.o [3]
Virtual function table for std::num_put<char, std::ostreambuf_iterator<char, std::char_traits<char>>>
                             0x3850   0x30  Data  Wk  main.o [1]
Virtual function table for std::numpunct<char>
                             0x3948   0x24  Data  Wk  main.o [1]
Virtual function table for std::ostream
                             0x38f8   0x28  Data  Wk  iostream_cout.o [3]
Virtual function table for std::streambuf
                             0x3684   0x44  Data  Wk  iostream_cout.o [3]
[local to ios_cpp]::std::stdopens
                        0x2000'0078    0xc  Data  Lc  ios.o [3]
[local to ios_cpp]::std::stdstr
                        0x2000'0084   0x28  Data  Lc  ios.o [3]
[local to iostream_cout_cpp]::std::__iarcoutguard
                        0x2000'0034    0x1  Data  Lc  iostream_cout.o [3]
[local to iostream_cout_cpp]::std::fout
                        0x2000'0038   0x40  Data  Lc  iostream_cout.o [3]
_LC                            0x41    0x6  Code  Lc  xprintffull_nomb.o [2]
_LitobFullNoMb                0xcd1  0x114  Code  Lc  xprintffull_nomb.o [2]
_PrintfFullNoMb                0x47  0xc76  Code  Gb  xprintffull_nomb.o [2]
_PutcharsFullNoMb             0xe3d   0x2e  Code  Lc  xprintffull_nomb.o [2]
_SProut                       0xf0f    0xa  Code  Gb  xsprout.o [2]
__aeabi_atexit               0x2169    0xa  Code  Gb  cxxabi.o [4]
__aeabi_cdcmple              0x1105         Code  Gb  DblCmpLe.o [5]
__aeabi_cdrcmple             0x1139         Code  Gb  DblCmpGe.o [5]
__aeabi_d2iz                 0x12a9         Code  Gb  DblToS32.o [5]
__aeabi_d2uiz                0x179d         Code  Gb  DblToU32.o [5]
__aeabi_ddiv                 0x1555         Code  Gb  DblDiv.o [5]
__aeabi_dmul                 0x17dd         Code  Gb  DblMul.o [5]
__aeabi_dsub                 0x1471         Code  Gb  DblAddSub.o [5]
__aeabi_i2d                  0x12e1         Code  Gb  S32ToDbl.o [5]
__aeabi_ldiv0                0x1bc1         Code  Gb  I64DivZer.o [6]
__aeabi_memcpy                0xfed         Code  Gb  ABImemcpy.o [6]
__aeabi_memcpy4              0x100d         Code  Gb  ABImemcpy.o [6]
__aeabi_memcpy8              0x100d         Code  Gb  ABImemcpy.o [6]
__aeabi_memmove              0x24d5         Code  Gb  ABImemmove.o [6]
__aeabi_memmove4             0x24d5         Code  Gb  ABImemmove.o [6]
__aeabi_memmove8             0x24d5         Code  Gb  ABImemmove.o [6]
__aeabi_memset               0x2665         Code  Gb  ABImemset.o [6]
__aeabi_ui2d                 0x17c1         Code  Gb  U32ToDbl.o [5]
__aeabi_uldivmod             0x1989         Code  Gb  I64DivMod.o [6]
__basic_free                 0x28d1   0x16  Code  Gb  heap0.o [2]
__basic_free_intern          0x28e7   0x74  Code  Lc  heap0.o [2]
__basic_malloc               0x2825   0x18  Code  Gb  heap0.o [2]
__basic_malloc_intern        0x283d   0x94  Code  Lc  heap0.o [2]
__call_ctors                 0x232d   0x18  Code  Gb  cppinit.o [2]
__call_dtors                 0x237b    0xc  Code  Gb  cppinit.o [2]
__call_dtors0                0x2387   0x36  Code  Gb  cppinit.o [2]
__cexit_call_dtors           0x3a63         Code  Gb  cexit.o [6]
__cmain                      0x3a39         Code  Gb  cmain.o [6]
__cstart_call_dtors          0x3b90         Data  Gb  cstart_call_dtors.o [6]
__cxa_atexit                 0x2345   0x36  Code  Gb  cppinit.o [2]
__data_GetMemChunk           0x2989   0x2c  Code  Gb  xgetmemchunk.o [2]
__data_GetMemChunk::start
                        0x2000'00ec    0x4  Data  Lc  xgetmemchunk.o [2]
__dso_handle            0x2000'00e4    0x4  Data  Gb  cppinit.o [2]
__dwrite                     0x37b9   0x1e  Code  Gb  dwrite.o [7]
__exit                       0x1bc5   0x14  Code  Gb  exit.o [7]
__iar_Fail_s                  0xf19   0x1c  Code  Gb  xfail_s.o [2]
__iar_Memchr                  0xf95         Code  Gb  memchr.o [6]
__iar_Memset                 0x2665         Code  Gb  ABImemset.o [6]
__iar_Memset_word            0x266d         Code  Gb  ABImemset.o [6]
__iar_Strchr                  0xef9         Code  Gb  strchr.o [6]
__iar_close_ttio             0x1bd9   0x2c  Code  Gb  iarttio.o [7]
__iar_copy_init3              0xecf   0x2a  Code  Gb  copy_init3.o [6]
__iar_cstart_call_ctors
                             0x3a19   0x20  Code  Gb  cmain_call_ctors.o [6]
__iar_data_init3             0x3921   0x28  Code  Gb  data_init.o [6]
__iar_debug_exceptions       0x1553    0x1  Data  Gb  unwind_debug.o [7]
__iar_frexp                  0x10a1         Code  Gb  frexp.o [5]
__iar_frexpl                 0x10a1         Code  Gb  frexp.o [5]
__iar_get_ttio               0x1c05   0x4c  Code  Gb  iarttio.o [7]
__iar_init_vfp               0x39cd         Code  Gb  fpinit_M.o [5]
__iar_ldexp64                0x116d         Code  Gb  ldexp.o [5]
__iar_lookup_ttioh           0x1c55    0x8  Code  Gb  XShttio.o [2]
__iar_program_start          0x3a71         Code  Gb  cstartup_M.o [6]
__iar_scalbln64              0x116d         Code  Gb  ldexp.o [5]
__iar_scalbn64               0x116d         Code  Gb  ldexp.o [5]
__iar_sh_stdout              0x37d7   0x20  Code  Gb  iarwstd.o [7]
__iar_sh_write               0x37f7   0x22  Code  Gb  iarwrite.o [7]
__iar_softfp___iar_frexp64
                             0x1095         Code  Gb  frexp.o [5]
__iar_softfp_frexp           0x1095         Code  Gb  frexp.o [5]
__iar_softfp_frexpl          0x1095         Code  Gb  frexp.o [5]
__iar_tls$$INIT_ARRAY$$Base
                             0x3b78          --   Gb  - Linker created -
__iar_tls$$INIT_ARRAY$$Limit
                             0x3b78          --   Gb  - Linker created -
__iar_ttio_handles      0x2000'0000    0x8  Data  Lc  XShttio.o [2]
__iar_zero_init3             0x3819   0x38  Code  Gb  zero_init3.o [6]
__low_level_init             0x3a57    0x4  Code  Gb  low_level_init.o [2]
__sti__routine               0x2d1b    0xa  Code  Lc  ios.o [3]
__sti__routine               0x3295   0x90  Code  Lc  iostream_cout.o [3]
__vector_table                  0x0         Data  Gb  vector_table_M.o [6]
__write                      0x37a9   0x10  Code  Gb  write.o [7]
_call_main                   0x3a45         Code  Gb  cmain.o [6]
_exit                        0x3a61         Code  Gb  cexit.o [6]
abort                        0x1bb9    0x6  Code  Gb  abort.o [2]
char * && std::forward<char *>(std::remove_reference<char *>::type &)
                             0x2773    0x2  Code  Wk  main.o [1]
char * std::_Addressof<char>(char &, std::integral_constant<bool, (bool)0>)
                             0x25f7    0x2  Code  Wk  main.o [1]
char * std::_Allocate<char>(unsigned int, char *)
                             0x27ed   0x12  Code  Wk  main.o [1]
char * std::_Maklocstr<char>(char const *, char *)
                             0x2799   0x34  Code  Wk  main.o [1]
char * std::addressof<char>(char &)
                             0x22e5   0x10  Code  Wk  main.o [1]
char std::_Maklocchr<char>(char, char *)
                             0x2759    0x4  Code  Wk  main.o [1]
const std::allocator<char>& && std::forward<const std::allocator<char>&>(std::remove_reference<const std::allocator<char>&>::type &)
                             0x26f5    0x2  Code  Wk  main.o [1]
exit                         0x3a5b    0x4  Code  Gb  exit.o [2]
free                         0x281f    0x4  Code  Gb  heaptramp0.o [2]
image0                       0x3b40    0xc  Data  Lc  main.o [1]
ldexp                        0x116d         Code  Gb  ldexp.o [5]
ldexpl                       0x116d         Code  Gb  ldexp.o [5]
main                         0x31e5   0x34  Code  Gb  main.o [1]
memchr                        0xf95         Code  Gb  memchr.o [6]
next_abi_dtor_rec       0x2000'00e0    0x4  Data  Lc  cppinit.o [2]
operator delete (void *)
                             0x278f    0xa  Code  Gb  delop_0.o [4]
operator delete (void *, unsigned int)
                             0x2e7d    0x4  Code  Gb  delop4_0.o [4]
operator new (unsigned int)
                             0x2961   0x24  Code  Gb  newop_0.o [4]
operator new (unsigned int, void *)
                             0x2985    0x4  Code  Wk  main.o [1]
print_histogram(unsigned short *)
                             0x31a1   0x44  Code  Gb  main.o [1]
putchar                      0x3789   0x20  Code  Gb  putchar.o [2]
scalbln                      0x116d         Code  Gb  ldexp.o [5]
scalblnl                     0x116d         Code  Gb  ldexp.o [5]
scalbn                       0x116d         Code  Gb  ldexp.o [5]
scalbnl                      0x116d         Code  Gb  ldexp.o [5]
scale                         0xde5   0x46  Code  Lc  xprintffull_nomb.o [2]
sec_hand                0x2000'00f0    0x4  Data  Lc  xfail_s.o [2]
sprintf                      0x3561   0x40  Code  Gb  sprintf.o [2]
std::_Compressed_pair<std::_Wrap_alloc<std::allocator<char>>, std::_String_val<std::_Simple_types<char>>, (bool)1>::_Compressed_pair<const std::allocator<char>&>(std::_One_then_variadic_args_t, const std::allocator<char>& &&,  &&...)
                             0x25d1   0x1c  Code  Wk  main.o [1]
std::_Compressed_pair<std::_Wrap_alloc<std::allocator<char>>, std::_String_val<std::_Simple_types<char>>, (bool)1>::_Get_first()
                             0x25ed    0x2  Code  Wk  main.o [1]
std::_Compressed_pair<std::_Wrap_alloc<std::allocator<char>>, std::_String_val<std::_Simple_types<char>>, (bool)1>::_Get_first() const
                             0x275d    0x2  Code  Wk  main.o [1]
std::_Compressed_pair<std::_Wrap_alloc<std::allocator<char>>, std::_String_val<std::_Simple_types<char>>, (bool)1>::_Get_second()
                             0x2605    0x2  Code  Wk  main.o [1]
std::_Compressed_pair<std::_Wrap_alloc<std::allocator<char>>, std::_String_val<std::_Simple_types<char>>, (bool)1>::_Get_second() const
                             0x2631    0x2  Code  Wk  main.o [1]
std::_Fpz               0x2000'00c0   0x10  Data  Gb  ios.o [3]
std::_NomemoryNothrow()
                             0x29b5    0x4  Code  Gb  nomemory.o [4]
std::_String_alloc<std::_String_base_types<char, std::allocator<char>>>::_Bx()
                             0x22cb    0x8  Code  Wk  main.o [1]
std::_String_alloc<std::_String_base_types<char, std::allocator<char>>>::_Get_data()
                             0x230b    0x8  Code  Wk  main.o [1]
std::_String_alloc<std::_String_base_types<char, std::allocator<char>>>::_Get_data() const
                             0x23cd    0x8  Code  Wk  main.o [1]
std::_String_alloc<std::_String_base_types<char, std::allocator<char>>>::_Getal()
                             0x22d3    0x8  Code  Wk  main.o [1]
std::_String_alloc<std::_String_base_types<char, std::allocator<char>>>::_Getal() const
                             0x2633    0x8  Code  Wk  main.o [1]
std::_String_alloc<std::_String_base_types<char, std::allocator<char>>>::_Myptr()
                             0x2145    0xc  Code  Wk  main.o [1]
std::_String_alloc<std::_String_base_types<char, std::allocator<char>>>::_Myptr() const
                             0x2173    0xc  Code  Wk  main.o [1]
std::_String_alloc<std::_String_base_types<char, std::allocator<char>>>::_Myres()
                             0x22c1    0xa  Code  Wk  main.o [1]
std::_String_alloc<std::_String_base_types<char, std::allocator<char>>>::_Mysize()
                             0x217f    0xa  Code  Wk  main.o [1]
std::_String_alloc<std::_String_base_types<char, std::allocator<char>>>::_Mysize() const
                             0x2263    0xa  Code  Wk  main.o [1]
std::_String_alloc<std::_String_base_types<char, std::allocator<char>>>::_String_alloc(const std::allocator<char>&)
                             0x22a9   0x18  Code  Wk  main.o [1]
std::_String_alloc<std::_String_base_types<char, std::allocator<char>>>::_String_alloc(const std::allocator<char>&) [subobject]
                             0x2089    0x8  Code  Wk  main.o [1]
std::_String_val<std::_Simple_types<char>>::_Myptr()
                             0x2313   0x12  Code  Wk  main.o [1]
std::_String_val<std::_Simple_types<char>>::_Myptr() const
                             0x23d5   0x12  Code  Wk  main.o [1]
std::_String_val<std::_Simple_types<char>>::_String_val()
                             0x26ff    0xa  Code  Wk  main.o [1]
std::_Wrap_alloc<std::allocator<char>>::_Wrap_alloc(const std::allocator<char>&)
                             0x278d    0x2  Code  Wk  main.o [1]
std::_Wrap_alloc<std::allocator<char>>::_Wrap_alloc(const std::allocator<char>&) [subobject]
                             0x26f7    0x8  Code  Wk  main.o [1]
std::_Wrap_alloc<std::allocator<char>>::allocate(unsigned int)
                             0x2643    0x8  Code  Wk  main.o [1]
std::_Wrap_alloc<std::allocator<char>>::deallocate(char *, unsigned int)
                             0x2303    0x8  Code  Wk  main.o [1]
std::_Wrap_alloc<std::allocator<char>>::max_size(std::_Nil) const
                             0x263b    0x8  Code  Wk  main.o [1]
std::_Wrap_facet<std::ctype<char>>::_Wrap_facet()
                             0x2071   0x18  Code  Wk  main.o [1]
std::_Wrap_facet<std::num_put<char, std::ostreambuf_iterator<char, std::char_traits<char>>>>::_Wrap_facet()
                             0x3009   0x18  Code  Wk  main.o [1]
std::_Wrap_facet<std::numpunct<char>>::_Wrap_facet()
                             0x2151   0x18  Code  Wk  main.o [1]
std::_Wrap_facet<std::numpunct<char>>::~_Wrap_facet()
                             0x3b11    0xe  Code  Wk  main.o [1]
std::__iar_New_hand     0x2000'00e8    0x4  Data  Gb  new.o [4]
std::__iar_cout_guard::~__iar_cout_guard()
                             0x3abd   0x14  Code  Wk  iostream_cout.o [3]
std::__nobasic_filebuf<char, std::char_traits<char>>::__nobasic_filebuf()
                             0x3325   0x5c  Code  Wk  iostream_cout.o [3]
std::__nobasic_filebuf<char, std::char_traits<char>>::overflow(int)
                             0x3751   0x38  Code  Wk  iostream_cout.o [3]
std::allocator<char>::allocate(unsigned int)
                             0x2767    0xc  Code  Wk  main.o [1]
std::allocator<char>::deallocate(char *, unsigned int)
                             0x25f9    0xc  Code  Wk  main.o [1]
std::allocator<char>::max_size() const
                             0x27e7    0x6  Code  Wk  main.o [1]
std::allocator_traits<std::allocator<char>>::max_size(const std::allocator<char>&)
                             0x275f    0x8  Code  Wk  main.o [1]
std::char_traits<char>::assign(char &, char const &)
                             0x256b    0x6  Code  Wk  main.o [1]
std::char_traits<char>::assign(char *, unsigned int, char)
                             0x2571   0x10  Code  Wk  main.o [1]
std::char_traits<char>::copy(char *, char const *, unsigned int)
                             0x22f5    0xe  Code  Wk  main.o [1]
std::char_traits<char>::eq_int_type(int const &, int const &)
                             0x25b3   0x12  Code  Wk  main.o [1]
std::char_traits<char>::length(char const *)
                             0x2b6b    0x8  Code  Wk  main.o [1]
std::char_traits<char>::move(char *, char const *, unsigned int)
                             0x2203    0xe  Code  Wk  main.o [1]
std::char_traits<char>::to_int_type(char const &)
                             0x26f1    0x4  Code  Wk  main.o [1]
std::cout               0x2000'0008   0x2c  Data  Gb  iostream_cout.o [3]
std::ctype<char> const & std::use_facet<std::ctype<char>>()
                             0x1e9d   0x20  Code  Wk  main.o [1]
std::ctype<char> const & std::use_facet<std::ctype<char>>()::_MyFacet
                        0x2000'00dc    0x4  Data  Wk  main.o [1]
std::ctype<char>::ctype()
                             0x25c5    0xc  Code  Wk  main.o [1]
std::ctype<char>::ctype() [subobject]
                             0x229f    0x8  Code  Wk  main.o [1]
std::ctype<char>::widen(char const *, char const *, char *) const
                             0x1ef3   0x12  Code  Wk  main.o [1]
std::ctype<char>::widen(char) const
                             0x38f1    0x6  Code  Wk  main.o [1]
std::ios::clear(std::_Iosb<int>::_Iostate, bool)
                             0x2cb3   0x18  Code  Wk  main.o [1]
std::ios::fill() const       0x2bf1    0x6  Code  Wk  main.o [1]
std::ios::rdbuf() const
                             0x2bf7    0x4  Code  Wk  main.o [1]
std::ios::setstate(std::_Iosb<int>::_Iostate, bool)
                             0x2c05   0x28  Code  Wk  main.o [1]
std::ios::tie() const        0x2c57    0x4  Code  Wk  main.o [1]
std::ios::widen(char) const
                             0x38df   0x12  Code  Wk  main.o [1]
std::ios_base::_Addstd(std::ios_base*)
                             0x2d85   0x32  Code  Gb  ios.o [3]
std::ios_base::_Callfns(std::ios_base::event)
                             0x2d69   0x1c  Code  Gb  ios.o [3]
std::ios_base::_Init()       0x2dc5   0x1c  Code  Gb  ios.o [3]
std::ios_base::_Tidy()       0x2de1   0x38  Code  Gb  ios.o [3]
std::ios_base::clear(std::_Iosb<int>::_Iostate, bool)
                             0x2d25   0x20  Code  Gb  ios.o [3]
std::ios_base::flags() const
                             0x1e91    0x4  Code  Wk  main.o [1]
std::ios_base::good() const
                             0x2c43   0x14  Code  Wk  main.o [1]
std::ios_base::rdstate() const
                             0x2caf    0x4  Code  Wk  main.o [1]
std::ios_base::width() const
                             0x1ff5    0x4  Code  Wk  main.o [1]
std::ios_base::width(int)
                             0x2055    0x8  Code  Wk  main.o [1]
std::ios_base::~ios_base()
                             0x2d45   0x24  Code  Gb  ios.o [3]
std::ios_base::~ios_base() [subobject]
                             0x2d19    0x2  Code  Gb  ios.o [3]
std::num_put<char, std::ostreambuf_iterator<char, std::char_traits<char>>> const & std::use_facet<std::num_put<char, std::ostreambuf_iterator<char, std::char_traits<char>>>>()
                             0x2fb5   0x20  Code  Wk  main.o [1]
std::num_put<char, std::ostreambuf_iterator<char, std::char_traits<char>>> const & std::use_facet<std::num_put<char, std::ostreambuf_iterator<char, std::char_traits<char>>>>()::_MyFacet
                        0x2000'00d8    0x4  Data  Wk  main.o [1]
std::num_put<char, std::ostreambuf_iterator<char, std::char_traits<char>>>::_Ifmt(char *, char const *, std::_Iosb<int>::_Fmtflags) const
                             0x30ff   0xa0  Code  Wk  main.o [1]
std::num_put<char, std::ostreambuf_iterator<char, std::char_traits<char>>>::_Iput(std::ostreambuf_iterator<char, std::char_traits<char>>, std::ios_base &, char, char *, unsigned int) const
                             0x1c5d  0x234  Code  Wk  main.o [1]
std::num_put<char, std::ostreambuf_iterator<char, std::char_traits<char>>>::_Put(std::ostreambuf_iterator<char, std::char_traits<char>>, char const *, unsigned int) const
                             0x2027   0x2e  Code  Wk  main.o [1]
std::num_put<char, std::ostreambuf_iterator<char, std::char_traits<char>>>::_Rep(std::ostreambuf_iterator<char, std::char_traits<char>>, char, unsigned int) const
                             0x1ff9   0x2e  Code  Wk  main.o [1]
std::num_put<char, std::ostreambuf_iterator<char, std::char_traits<char>>>::do_put(std::ostreambuf_iterator<char, std::char_traits<char>>, std::ios_base &, char, unsigned long) const
                             0x3501   0x60  Code  Wk  main.o [1]
std::num_put<char, std::ostreambuf_iterator<char, std::char_traits<char>>>::do_put(std::ostreambuf_iterator<char, std::char_traits<char>>, std::ios_base &, char, unsigned long) const::string
                             0x3b80    0x4  Data  Wk  main.o [1]
std::num_put<char, std::ostreambuf_iterator<char, std::char_traits<char>>>::do_put(std::ostreambuf_iterator<char, std::char_traits<char>>, std::ios_base &, char, void const *) const
                             0x370d   0x44  Code  Wk  main.o [1]
std::num_put<char, std::ostreambuf_iterator<char, std::char_traits<char>>>::do_put(std::ostreambuf_iterator<char, std::char_traits<char>>, std::ios_base &, char, void const *) const::string
                             0x3b84    0x4  Data  Wk  main.o [1]
std::num_put<char, std::ostreambuf_iterator<char, std::char_traits<char>>>::num_put()
                             0x3029    0xc  Code  Wk  main.o [1]
std::num_put<char, std::ostreambuf_iterator<char, std::char_traits<char>>>::num_put() [subobject]
                             0x3021    0x8  Code  Wk  main.o [1]
std::num_put<char, std::ostreambuf_iterator<char, std::char_traits<char>>>::put(std::ostreambuf_iterator<char, std::char_traits<char>>, std::ios_base &, char, unsigned long) const
                             0x2fdd   0x28  Code  Wk  main.o [1]
std::num_put<char, std::ostreambuf_iterator<char, std::char_traits<char>>>::put(std::ostreambuf_iterator<char, std::char_traits<char>>, std::ios_base &, char, void const *) const
                             0x30d7   0x28  Code  Wk  main.o [1]
std::numpunct<char> const & std::use_facet<std::numpunct<char>>()
                             0x1f05   0x30  Code  Wk  main.o [1]
std::numpunct<char> const & std::use_facet<std::numpunct<char>>()::_MyFacet
                        0x2000'00ac   0x14  Data  Wk  main.o [1]
std::numpunct<char>::_Init()
                             0x2715   0x44  Code  Wk  main.o [1]
std::numpunct<char>::_Init()::string
                             0x1302    0x1  Data  Wk  main.o [1]
std::numpunct<char>::_Init()::string (instance 2)
                             0x3b58    0x8  Data  Wk  main.o [1]
std::numpunct<char>::_Init()::string (instance 3)
                             0x3b60    0x8  Data  Wk  main.o [1]
std::numpunct<char>::_Tidy()
                             0x3aa5   0x18  Code  Wk  main.o [1]
std::numpunct<char>::do_grouping() const
                             0x3b4d    0xa  Code  Wk  main.o [1]
std::numpunct<char>::do_thousands_sep() const
                             0x3b89    0x4  Code  Wk  main.o [1]
std::numpunct<char>::grouping() const
                             0x1f35    0xa  Code  Wk  main.o [1]
std::numpunct<char>::numpunct()
                             0x2609   0x28  Code  Wk  main.o [1]
std::numpunct<char>::numpunct() [subobject]
                             0x2325    0x8  Code  Wk  main.o [1]
std::numpunct<char>::thousands_sep() const
                             0x1f4b    0xa  Code  Wk  main.o [1]
std::numpunct<char>::~numpunct()
                             0x3a8d   0x18  Code  Wk  main.o [1]
std::numpunct<char>::~numpunct() [subobject]
                             0x3b1f    0x8  Code  Wk  main.o [1]
std::operator &(std::_Iosb<int>::_Fmtflags, std::_Iosb<int>::_Fmtflags)
                             0x1e95    0x6  Code  Wk  main.o [1]
std::operator |=(std::_Iosb<int>::_Iostate &, std::_Iosb<int>::_Iostate)
                             0x2be9    0x8  Code  Wk  main.o [1]
std::ostream & std::endl<char, std::char_traits<char>>(std::ostream &)
                             0x38b1   0x2e  Code  Wk  main.o [1]
std::ostream & std::operator <<<std::char_traits<char>>(std::ostream &, char const *)
                             0x29b9  0x1b2  Code  Wk  main.o [1]
std::ostream::_Flush_sentry::_Flush_sentry(std::ostream&)
                             0x2cd3   0x28  Code  Wk  main.o [1]
std::ostream::_Flush_sentry::_Flush_sentry(std::ostream&) [subobject]
                             0x2c3b    0x8  Code  Wk  main.o [1]
std::ostream::_Flush_sentry::operator bool() const
                             0x2be5    0x4  Code  Wk  main.o [1]
std::ostream::_Flush_sentry::~_Flush_sentry()
                             0x2d05   0x14  Code  Wk  main.o [1]
std::ostream::_Flush_sentry::~_Flush_sentry() [subobject]
                             0x2ccb    0x8  Code  Wk  main.o [1]
std::ostream::_Osfx()        0x2e21   0x54  Code  Wk  main.o [1]
std::ostream::_Sentry_base::_Sentry_base(std::ostream&)
                             0x2e81   0x48  Code  Wk  main.o [1]
std::ostream::_Sentry_base::_Sentry_base(std::ostream&) [subobject]
                             0x2e19    0x8  Code  Wk  main.o [1]
std::ostream::_Sentry_base::~_Sentry_base()
                             0x2ec9   0x46  Code  Wk  main.o [1]
std::ostream::_Sentry_base::~_Sentry_base() [subobject]
                             0x2e75    0x8  Code  Wk  main.o [1]
std::ostream::flush()        0x2c5b   0x54  Code  Wk  main.o [1]
std::ostream::operator <<(std::ostream&(*)(std::ostream&))
                             0x3231    0x6  Code  Wk  main.o [1]
std::ostream::operator <<(unsigned short)
                             0x2f0f   0xa4  Code  Wk  main.o [1]
std::ostream::operator <<(void const *)
                             0x3035   0xa2  Code  Wk  main.o [1]
std::ostream::put(char)
                             0x348b   0x76  Code  Wk  main.o [1]
std::ostream::sentry::sentry(std::ostream&)
                             0x2b73   0x72  Code  Wk  main.o [1]
std::ostream::sentry::~sentry()
                             0x2c2d    0xe  Code  Wk  main.o [1]
std::ostream::~basic_ostream()
                             0x3b27    0xe  Code  Wk  iostream_cout.o [3]
std::ostreambuf_iterator<char, std::char_traits<char>>::failed() const
                             0x3005    0x4  Code  Wk  main.o [1]
std::ostreambuf_iterator<char, std::char_traits<char>>::operator *()
                             0x226d    0x2  Code  Wk  main.o [1]
std::ostreambuf_iterator<char, std::char_traits<char>>::operator ++()
                             0x229d    0x2  Code  Wk  main.o [1]
std::ostreambuf_iterator<char, std::char_traits<char>>::operator =(char)
                             0x226f   0x2e  Code  Wk  main.o [1]
std::ostreambuf_iterator<char, std::char_traits<char>>::ostreambuf_iterator(std::streambuf *)
                             0x2fd5    0x8  Code  Wk  main.o [1]
std::remove_reference<char *&>::type && std::move<char *&>(char *& &&)
                             0x264b    0x2  Code  Wk  main.o [1]
std::streambuf::_Lock()
                             0x1093    0x2  Code  Wk  iostream_cout.o [3]
std::streambuf::_Pnavail() const
                             0x26cb   0x18  Code  Wk  main.o [1]
std::streambuf::_Pninc()
                             0x26e3    0xe  Code  Wk  main.o [1]
std::streambuf::_Unlock()
                             0x12a7    0x2  Code  Wk  iostream_cout.o [3]
std::streambuf::overflow(int)
                              0xf8f    0x6  Code  Wk  iostream_cout.o [3]
std::streambuf::pubsync()
                             0x2cfb    0xa  Code  Wk  main.o [1]
std::streambuf::sputc(char)
                             0x2581   0x32  Code  Wk  main.o [1]
std::streambuf::sputn(char const *, int)
                             0x2bfb    0xa  Code  Wk  main.o [1]
std::streambuf::sync()       0x3b8d    0x4  Code  Wk  iostream_cout.o [3]
std::streambuf::xsputn(char const *, int)
                             0x35a1   0x5e  Code  Wk  iostream_cout.o [3]
std::string::_Chassign(unsigned int, unsigned int, char)
                             0x2211   0x2a  Code  Wk  main.o [1]
std::string::_Copy(unsigned int, unsigned int)
                             0x23ff   0xd6  Code  Wk  main.o [1]
std::string::_Eos(unsigned int)
                             0x223b   0x28  Code  Wk  main.o [1]
std::string::_Grow(unsigned int, bool)
                             0x2189   0x7a  Code  Wk  main.o [1]
std::string::_Inside(char const *)
                             0x3651   0x32  Code  Wk  main.o [1]
std::string::_Tidy(bool, unsigned int)
                             0x2091   0x7a  Code  Wk  main.o [1]
std::string::assign(char const *)
                             0x39b5   0x18  Code  Wk  main.o [1]
std::string::assign(char const *, unsigned int)
                             0x35ff   0x52  Code  Wk  main.o [1]
std::string::assign(const std::string&, unsigned int, unsigned int)
                             0x3381   0x7c  Code  Wk  main.o [1]
std::string::assign(unsigned int, char)
                             0x210b   0x3a  Code  Wk  main.o [1]
std::string::basic_string(char const *)
                             0x3991   0x24  Code  Wk  main.o [1]
std::string::basic_string(unsigned int, char)
                             0x1ebd   0x2a  Code  Wk  main.o [1]
std::string::erase(unsigned int)
                             0x33fd   0x22  Code  Wk  main.o [1]
std::string::erase(unsigned int, unsigned int)
                             0x341f   0x6c  Code  Wk  main.o [1]
std::string::insert(unsigned int, unsigned int, char)
                             0x1f55   0x96  Code  Wk  main.o [1]
std::string::max_size() const
                             0x23e7   0x18  Code  Wk  main.o [1]
std::string::operator [](unsigned int)
                             0x1ee7    0xc  Code  Wk  main.o [1]
std::string::operator [](unsigned int) const
                             0x1f3f    0xc  Code  Wk  main.o [1]
std::string::size() const
                             0x1feb    0xa  Code  Wk  main.o [1]
std::string::~basic_string()
                             0x205d   0x12  Code  Wk  main.o [1]
strchr                        0xef9         Code  Gb  strchr.o [6]
strlen                        0xf59         Code  Gb  strlen.o [6]
void std::_Deallocate<char>(char *, unsigned int)
                             0x270b    0x8  Code  Wk  main.o [1]
void std::_Wrap_alloc<std::allocator<char>>::construct<char *, char *>(char * *, char * &&...)
                             0x264d   0x18  Code  Wk  main.o [1]
void std::_Wrap_alloc<std::allocator<char>>::destroy<char *>(char * *)
                             0x22db    0x8  Code  Wk  main.o [1]
void std::allocator<char>::construct<char *, char *>(char * *, char * &&...)
                             0x27ff   0x20  Code  Wk  main.o [1]
void std::allocator<char>::destroy<char *>(char * *)
                             0x2709    0x2  Code  Wk  main.o [1]
void std::allocator_traits<std::allocator<char>>::construct<char *, char *>(std::allocator<char>&, char * *, char * &&...)
                             0x2775   0x18  Code  Wk  main.o [1]
void std::allocator_traits<std::allocator<char>>::destroy<char *>(std::allocator<char>&, char * *)
                             0x25ef    0x8  Code  Wk  main.o [1]
void std::numpunct<char>::_Getvals<char>(char)
                             0x27cd   0x1a  Code  Wk  main.o [1]


[1] = C:\Users\joaov\OneDrive\햞ea de Trabalho\Estudos\2022.2\Sistemas Embarcados\kamiros7_ELF74\Lab3\Debug\Obj
[2] = dl7M_tln.a
[3] = dlpp7M_tls_nc.a
[4] = dlpprt7M_tl_nc.a
[5] = m7M_tls.a
[6] = rt7M_tl.a
[7] = shb_l.a

  14'716 bytes of readonly  code memory
     530 bytes of readonly  data memory
  98'973 bytes of readwrite data memory

Errors: none
Warnings: none
