###############################################################################
#
# IAR ELF Linker V9.30.1.335/W64 for ARM                  18/Sep/2022  15:54:26
# Copyright 2007-2022 IAR Systems AB.
#
#    Output file  =
#        C:\Users\joaov\OneDrive\햞ea de Trabalho\Estudos\2022.2\Sistemas
#        Embarcados\kamiros7_ELF74\Lab4\Debug\Exe\Lab4.out
#    Map file     =
#        C:\Users\joaov\OneDrive\햞ea de Trabalho\Estudos\2022.2\Sistemas
#        Embarcados\kamiros7_ELF74\Lab4\Debug\List\Lab4.map
#    Command line =
#        -f "C:\Users\joaov\OneDrive\햞ea de Trabalho\Estudos\2022.2\Sistemas
#        Embarcados\kamiros7_ELF74\Lab4\Debug\Exe\Lab4.out.rsp"
#        ("C:\Users\joaov\OneDrive\햞ea de Trabalho\Estudos\2022.2\Sistemas
#        Embarcados\kamiros7_ELF74\Lab4\Debug\Obj\main.o" --no_out_extension -o
#        "C:\Users\joaov\OneDrive\햞ea de Trabalho\Estudos\2022.2\Sistemas
#        Embarcados\kamiros7_ELF74\Lab4\Debug\Exe\Lab4.out" --redirect
#        _Printf=_PrintfFullNoMb --redirect _Scanf=_ScanfFullNoMb --map
#        "C:\Users\joaov\OneDrive\햞ea de Trabalho\Estudos\2022.2\Sistemas
#        Embarcados\kamiros7_ELF74\Lab4\Debug\List\Lab4.map" --config
#        "C:\Program Files\IAR Systems\Embedded Workbench
#        9.1\arm/config/linker/TexasInstruments/TM4C1294NC.icf" --semihosting
#        --entry __iar_program_start --vfe --text_out locale --cpu=Cortex-M4
#        --fpu=VFPv4_sp)
#
###############################################################################

*******************************************************************************
*** RUNTIME MODEL ATTRIBUTES
***

CppFlavor        = *
__CPP_Exceptions = Disabled
__CPP_Language   = C++14
__CPP_Library    = DLib
__CPP_Runtime    = 1
__Heap_Handler   = Basic
__SystemLibrary  = DLib
__dlib_version   = 6


*******************************************************************************
*** HEAP SELECTION
***

The basic heap was selected because --advanced_heap
was not specified and the application did not appear to
be primarily optimized for speed.


*******************************************************************************
*** PLACEMENT SUMMARY
***

"A0":  place at address 0x0 { ro section .intvec };
"P1":  place in [from 0x0 to 0xf'ffff] { ro };
define block CSTACK with size = 32K, alignment = 8 { };
define block HEAP with size = 64K, alignment = 8 { };
"P2":  place in [from 0x2000'0000 to 0x2003'ffff] {
          rw, block CSTACK, block HEAP };

No sections matched the following patterns:

  rw  in "P2"


  Section   Kind         Address    Size  Object
  -------   ----         -------    ----  ------
"A0":                               0x40
  .intvec   ro code          0x0    0x40  vector_table_M.o [5]
                          - 0x40    0x40

"P1":                               0x8c
  .text     ro code         0x40    0x22  fpinit_M.o [4]
  .text     ro code         0x62     0x2  vectortrap_M.o [5]
  .text     ro code         0x64    0x1e  cmain.o [5]
  .text     ro code         0x82     0x4  low_level_init.o [2]
  .rodata   const           0x86     0x1  unwind_debug.o [6]
  .text     ro code         0x88     0x4  main.o [1]
  .text     ro code         0x8c     0x4  exit.o [2]
  .text     ro code         0x90     0xa  cexit.o [5]
  .text     ro code         0x9c    0x14  exit.o [6]
  .text     ro code         0xb0    0x1c  cstartup_M.o [5]
                          - 0xcc    0x8c

"P2":                             0x8000
  CSTACK             0x2000'0000  0x8000  <Block>
    CSTACK  uninit   0x2000'0000  0x8000  <Block tail>
                   - 0x2000'8000  0x8000

Unused ranges:

         From           To      Size
         ----           --      ----
         0xcc     0xf'ffff  0xf'ff34
  0x2000'8000  0x2003'ffff  0x3'8000



*******************************************************************************
*** MODULE SUMMARY
***

    Module            ro code  ro data  rw data
    ------            -------  -------  -------
command line/config:
    -------------------------------------------
    Total:

C:\Users\joaov\OneDrive\햞ea de Trabalho\Estudos\2022.2\Sistemas Embarcados\kamiros7_ELF74\Lab4\Debug\Obj: [1]
    main.o                  4
    -------------------------------------------
    Total:                  4

dl7M_tln.a: [2]
    exit.o                  4
    low_level_init.o        4
    -------------------------------------------
    Total:                  8

dlpprt7M_tl_nc.a: [3]
    -------------------------------------------
    Total:

m7M_tls.a: [4]
    fpinit_M.o             34
    -------------------------------------------
    Total:                 34

rt7M_tl.a: [5]
    cexit.o                10
    cmain.o                30
    cstartup_M.o           28
    vector_table_M.o       64
    vectortrap_M.o          2
    -------------------------------------------
    Total:                134

shb_l.a: [6]
    exit.o                 20
    unwind_debug.o                   1
    -------------------------------------------
    Total:                 20        1

    Gaps                    3
    Linker created                       32'768
-----------------------------------------------
    Grand Total:          203        1   32'768


*******************************************************************************
*** ENTRY LIST
***

Entry                       Address  Size  Type      Object
-----                       -------  ----  ----      ------
?main                          0x65        Code  Gb  cmain.o [5]
BusFault_Handler               0x63        Code  Wk  vectortrap_M.o [5]
CSTACK$$Base            0x2000'0000         --   Gb  - Linker created -
CSTACK$$Limit           0x2000'8000         --   Gb  - Linker created -
DebugMon_Handler               0x63        Code  Wk  vectortrap_M.o [5]
HardFault_Handler              0x63        Code  Wk  vectortrap_M.o [5]
MemManage_Handler              0x63        Code  Wk  vectortrap_M.o [5]
NMI_Handler                    0x63        Code  Wk  vectortrap_M.o [5]
PendSV_Handler                 0x63        Code  Wk  vectortrap_M.o [5]
Region$$Table$$Base             0x0         --   Gb  - Linker created -
Region$$Table$$Limit            0x0         --   Gb  - Linker created -
SVC_Handler                    0x63        Code  Wk  vectortrap_M.o [5]
SysTick_Handler                0x63        Code  Wk  vectortrap_M.o [5]
UsageFault_Handler             0x63        Code  Wk  vectortrap_M.o [5]
__cmain                        0x65        Code  Gb  cmain.o [5]
__exit                         0x9d  0x14  Code  Gb  exit.o [6]
__iar_debug_exceptions         0x86   0x1  Data  Gb  unwind_debug.o [6]
__iar_init_vfp                 0x41        Code  Gb  fpinit_M.o [4]
__iar_program_start            0xb1        Code  Gb  cstartup_M.o [5]
__low_level_init               0x83   0x4  Code  Gb  low_level_init.o [2]
__vector_table                  0x0        Data  Gb  vector_table_M.o [5]
_call_main                     0x71        Code  Gb  cmain.o [5]
_exit                          0x91        Code  Gb  cexit.o [5]
exit                           0x8d   0x4  Code  Gb  exit.o [2]
main                           0x89   0x4  Code  Gb  main.o [1]


[1] = C:\Users\joaov\OneDrive\햞ea de Trabalho\Estudos\2022.2\Sistemas Embarcados\kamiros7_ELF74\Lab4\Debug\Obj
[2] = dl7M_tln.a
[3] = dlpprt7M_tl_nc.a
[4] = m7M_tls.a
[5] = rt7M_tl.a
[6] = shb_l.a

     203 bytes of readonly  code memory
       1 byte  of readonly  data memory
  32'768 bytes of readwrite data memory

Errors: none
Warnings: none
