###############################################################################
#
# IAR ELF Linker V9.30.1.335/W64 for ARM                  27/Aug/2022  11:37:21
# Copyright 2007-2022 IAR Systems AB.
#
#    Output file  =
#        C:\Users\kamir\Desktop\Camilo\Faculdade\2022-2\Sistemas
#        Embarcados\kamiros7_ELF74\Lab2\ewarm\Exe\Lab2.out
#    Map file     =
#        C:\Users\kamir\Desktop\Camilo\Faculdade\2022-2\Sistemas
#        Embarcados\kamiros7_ELF74\Lab2\ewarm\List\Lab2.map
#    Command line =
#        -f "C:\Users\kamir\Desktop\Camilo\Faculdade\2022-2\Sistemas
#        Embarcados\kamiros7_ELF74\Lab2\ewarm\Exe\Lab2.out.rsp"
#        ("C:\Users\kamir\Desktop\Camilo\Faculdade\2022-2\Sistemas
#        Embarcados\kamiros7_ELF74\Lab2\ewarm\Obj\Source\blinky.o"
#        "C:\Users\kamir\Desktop\Camilo\Faculdade\2022-2\Sistemas
#        Embarcados\kamiros7_ELF74\Lab2\ewarm\Obj\buttons.o"
#        "C:\Users\kamir\Desktop\Camilo\Faculdade\2022-2\Sistemas
#        Embarcados\TivaWare_C_Series-2.2.0.295\driverlib\ewarm\Exe\driverlib.a"
#        "C:\Users\kamir\Desktop\Camilo\Faculdade\2022-2\Sistemas
#        Embarcados\kamiros7_ELF74\Lab2\ewarm\Obj\pinout.o"
#        "C:\Users\kamir\Desktop\Camilo\Faculdade\2022-2\Sistemas
#        Embarcados\kamiros7_ELF74\Lab2\ewarm\Obj\Source\startup_ewarm.o"
#        --no_out_extension -o
#        "C:\Users\kamir\Desktop\Camilo\Faculdade\2022-2\Sistemas
#        Embarcados\kamiros7_ELF74\Lab2\ewarm\Exe\Lab2.out" --map
#        "C:\Users\kamir\Desktop\Camilo\Faculdade\2022-2\Sistemas
#        Embarcados\kamiros7_ELF74\Lab2\ewarm\List\Lab2.map" --config
#        "C:\Users\kamir\Desktop\Camilo\Faculdade\2022-2\Sistemas
#        Embarcados\kamiros7_ELF74\Lab2\Tiva.icf" --semihosting --entry
#        __iar_program_start --vfe --text_out locale --cpu=Cortex-M4
#        --fpu=VFPv4_sp)
#
###############################################################################

*******************************************************************************
*** RUNTIME MODEL ATTRIBUTES
***

CppFlavor       = *
__CPP_Runtime   = 1
__SystemLibrary = DLib
__dlib_version  = 6


*******************************************************************************
*** HEAP SELECTION
***

The basic heap was selected because --advanced_heap
was not specified and the application did not appear to
be primarily optimized for speed.


*******************************************************************************
*** PLACEMENT SUMMARY
***

"A0":  place at start of [from 0x0 to 0xf'ffff] { ro section .intvec };
"P1":  place in [from 0x0 to 0xf'ffff] { ro };
define block CSTACK with size = 32K, alignment = 8 { };
define block HEAP with size = 64K, alignment = 8 { };
"P2":  place in [from 0x2000'0000 to 0x2003'ffff] {
          rw, block CSTACK, block HEAP };
do not initialize { section .noinit };
initialize by copy { rw };

No sections matched the following patterns:

  section VTABLE  in "A1"


  Section            Kind         Address   Size  Object
  -------            ----         -------   ----  ------
"A0":                                      0x200
  .intvec            const            0x0  0x200  startup_ewarm.o [2]
                                  - 0x200  0x200

"P1":                                      0xfb8
  .text              ro code        0x200  0x2b4  sysctl.o [4]
  .text              ro code        0x4b4  0x204  gpio.o [4]
  .text              ro code        0x6b8  0x1e0  pinout.o [1]
  .rodata            const          0x898  0x1b0  sysctl.o [4]
  .text              ro code        0xa48  0x13c  xprintftiny.o [3]
  .text              ro code        0xb84   0x36  strlen.o [6]
  .text              ro code        0xbba   0x2a  copy_init3.o [6]
  .text              ro code        0xbe4  0x114  blinky.o [2]
  .text              ro code        0xcf8   0xa4  interrupt.o [4]
  .text              ro code        0xd9c   0x9c  buttons.o [1]
  .text              ro code        0xe38   0x28  printf.o [3]
  .text              ro code        0xe60    0x8  cpu.o [4]
  .rodata            const          0xe68   0x9c  interrupt.o [4]
  .text              ro code        0xf04   0x7c  iarttio.o [7]
  .text              ro code        0xf80    0x8  XShttio.o [3]
  .rodata            const          0xf88   0x6c  sysctl.o [4]
  .rodata            const          0xff4   0x30  sysctl.o [4]
  .text              ro code       0x1024   0x28  data_init.o [6]
  .text              ro code       0x104c   0x22  fpinit_M.o [5]
  .text              ro code       0x106e   0x22  iarwrite.o [7]
  .iar.init_table    const         0x1090   0x14  - Linker created -
  .text              ro code       0x10a4   0x20  putchar.o [3]
  .text              ro code       0x10c4   0x10  write.o [7]
  .text              ro code       0x10d4   0x1e  dwrite.o [7]
  .text              ro code       0x10f2   0x20  iarwstd.o [7]
  .text              ro code       0x1114   0x1e  cmain.o [6]
  .text              ro code       0x1132    0x4  low_level_init.o [3]
  .text              ro code       0x1136    0x4  exit.o [3]
  .text              ro code       0x113c    0xa  cexit.o [6]
  .text              ro code       0x1148   0x14  exit.o [7]
  .text              ro code       0x115c   0x1c  cstartup_M.o [6]
  .text              ro code       0x1178   0x1a  startup_ewarm.o [2]
  .text              ro code       0x1192   0x16  xprout.o [3]
  Initializer bytes  const         0x11a8   0x10  <for P2-1>
  .rodata            const         0x11b8    0x0  copy_init3.o [6]
                                 - 0x11b8  0xfb8

"P2", part 1 of 2:                          0x10
  P2-1                        0x2000'0000    0xf  <Init block>
    .data            inited   0x2000'0000    0x8  XShttio.o [3]
    .bss             inited   0x2000'0008    0x4  blinky.o [2]
    .data            inited   0x2000'000c    0x3  buttons.o [1]
                            - 0x2000'000f    0xf

"P2", part 2 of 2:                         0x100
  .noinit            uninit   0x2000'0010  0x100  startup_ewarm.o [2]
                            - 0x2000'0110  0x100

Unused ranges:

         From           To      Size
         ----           --      ----
       0x11b8     0xf'ffff  0xf'ee48
  0x2000'0110  0x2003'ffff  0x3'fef0


*******************************************************************************
*** INIT TABLE
***

          Address      Size
          -------      ----
Copy (__iar_copy_init3)
    1 source range, total size 0x10 (106% of destination):
               0x11a8  0x10
    1 destination range, total size 0xf:
          0x2000'0000   0xf



*******************************************************************************
*** MODULE SUMMARY
***

    Module            ro code  ro data  rw data
    ------            -------  -------  -------
command line/config:
    -------------------------------------------
    Total:

C:\Users\kamir\Desktop\Camilo\Faculdade\2022-2\Sistemas Embarcados\kamiros7_ELF74\Lab2\ewarm\Obj: [1]
    buttons.o             156        3        3
    pinout.o              480
    -------------------------------------------
    Total:                636        3        3

C:\Users\kamir\Desktop\Camilo\Faculdade\2022-2\Sistemas Embarcados\kamiros7_ELF74\Lab2\ewarm\Obj\Source: [2]
    blinky.o              276        4        4
    startup_ewarm.o        26      512      256
    -------------------------------------------
    Total:                302      516      260

dl7M_tln.a: [3]
    XShttio.o               8        8        8
    exit.o                  4
    low_level_init.o        4
    printf.o               40
    putchar.o              32
    xprintftiny.o         316
    xprout.o               22
    -------------------------------------------
    Total:                426        8        8

driverlib.a: [4]
    cpu.o                   8
    gpio.o                516
    interrupt.o           164      156
    sysctl.o              692      588
    -------------------------------------------
    Total:              1'380      744

m7M_tls.a: [5]
    fpinit_M.o             34
    -------------------------------------------
    Total:                 34

rt7M_tl.a: [6]
    cexit.o                10
    cmain.o                30
    copy_init3.o           42
    cstartup_M.o           28
    data_init.o            40
    strlen.o               54
    -------------------------------------------
    Total:                204

shb_l.a: [7]
    dwrite.o               30
    exit.o                 20
    iarttio.o             124
    iarwrite.o             34
    iarwstd.o              32
    write.o                16
    -------------------------------------------
    Total:                256

    Gaps                    6
    Linker created                  21
-----------------------------------------------
    Grand Total:        3'244    1'292      271


*******************************************************************************
*** ENTRY LIST
***

Entry                       Address   Size  Type      Object
-----                       -------   ----  ----      ------
.iar.init_table$$Base        0x1090          --   Gb  - Linker created -
.iar.init_table$$Limit       0x10a4          --   Gb  - Linker created -
?main                        0x1115         Code  Gb  cmain.o [6]
ButtonsInit                   0xdf1   0x36  Code  Gb  buttons.o [1]
ButtonsPoll                   0xd9d   0x54  Code  Gb  buttons.o [1]
ButtonsPoll::ui8SwitchClockA
                        0x2000'000d    0x1  Data  Lc  buttons.o [1]
ButtonsPoll::ui8SwitchClockB
                        0x2000'000e    0x1  Data  Lc  buttons.o [1]
CPUcpsie                      0xe61    0x8  Code  Gb  cpu.o [4]
FaultISR                     0x118f    0x2  Code  Lc  startup_ewarm.o [2]
GPIODirModeSet                0x4b5   0x28  Code  Gb  gpio.o [4]
GPIOPadConfigSet              0x4dd  0x186  Code  Gb  gpio.o [4]
GPIOPinRead                   0x663    0x8  Code  Gb  gpio.o [4]
GPIOPinTypeEthernetLED        0x68d    0x4  Code  Gb  gpio.o [4]
GPIOPinTypeGPIOOutput         0x691    0xa  Code  Gb  gpio.o [4]
GPIOPinWrite                  0x66b    0x8  Code  Gb  gpio.o [4]
IntDefaultHandler            0x1191    0x2  Code  Lc  startup_ewarm.o [2]
IntEnable                     0xd29   0x52  Code  Gb  interrupt.o [4]
IntGPIOj                      0xbe5    0x8  Code  Gb  blinky.o [2]
IntMasterEnable               0xcf9    0x8  Code  Gb  interrupt.o [4]
IntPrioritySet                0xd09   0x20  Code  Gb  interrupt.o [4]
NmiSR                        0x118d    0x2  Code  Lc  startup_ewarm.o [2]
PinoutSet                     0x6b9  0x172  Code  Gb  pinout.o [1]
Region$$Table$$Base          0x1090          --   Gb  - Linker created -
Region$$Table$$Limit         0x10a4          --   Gb  - Linker created -
ResetISR                     0x1179    0xe  Code  Gb  startup_ewarm.o [2]
SysCtlClockFreqSet            0x26d  0x206  Code  Gb  sysctl.o [4]
SysCtlDelay                   0x265    0x8  Code  Gb  sysctl.o [4]
SysCtlPeripheralEnable        0x245    0x8  Code  Gb  sysctl.o [4]
SysCtlPeripheralReady         0x223    0x8  Code  Gb  sysctl.o [4]
_PrintfTiny                   0xa61  0x124  Code  Gb  xprintftiny.o [3]
_Prout                       0x1193   0x16  Code  Gb  xprout.o [3]
_SysCtlMemTimingGet           0x201   0x22  Code  Lc  sysctl.o [4]
__cmain                      0x1115         Code  Gb  cmain.o [6]
__dwrite                     0x10d5   0x1e  Code  Gb  dwrite.o [7]
__exit                       0x1149   0x14  Code  Gb  exit.o [7]
__iar_close_ttio              0xf05   0x2c  Code  Gb  iarttio.o [7]
__iar_copy_init3              0xbbb   0x2a  Code  Gb  copy_init3.o [6]
__iar_data_init3             0x1025   0x28  Code  Gb  data_init.o [6]
__iar_get_ttio                0xf31   0x4c  Code  Gb  iarttio.o [7]
__iar_init_vfp               0x104d         Code  Gb  fpinit_M.o [5]
__iar_lookup_ttioh            0xf81    0x8  Code  Gb  XShttio.o [3]
__iar_program_start          0x115d         Code  Gb  cstartup_M.o [6]
__iar_sh_stdout              0x10f3   0x20  Code  Gb  iarwstd.o [7]
__iar_sh_write               0x106f   0x22  Code  Gb  iarwrite.o [7]
__iar_ttio_handles      0x2000'0000    0x8  Data  Lc  XShttio.o [3]
__low_level_init             0x1133    0x4  Code  Gb  low_level_init.o [3]
__vector_table                  0x0  0x200  Data  Gb  startup_ewarm.o [2]
__write                      0x10c5   0x10  Code  Gb  write.o [7]
_call_main                   0x1121         Code  Gb  cmain.o [6]
_exit                        0x113d         Code  Gb  cexit.o [6]
exit                         0x1137    0x4  Code  Gb  exit.o [3]
g_pppui32XTALtoVCO            0x898  0x1b0  Data  Lc  sysctl.o [4]
g_pui32EnRegs                 0xd88   0x14  Data  Lc  interrupt.o [4]
g_pui32Regs                   0xe68   0x9c  Data  Lc  interrupt.o [4]
g_pui32VCOFrequencies         0x4ac    0x8  Data  Lc  sysctl.o [4]
g_pui32Xtals                  0xf88   0x6c  Data  Lc  sysctl.o [4]
g_sXTALtoMEMTIM               0xff4   0x30  Data  Lc  sysctl.o [4]
g_ui32GPIOj             0x2000'0008    0x4  Data  Gb  blinky.o [2]
g_ui8ButtonStates       0x2000'000c    0x1  Data  Lc  buttons.o [1]
initInterrupt                 0xbed   0x20  Code  Gb  blinky.o [2]
main                          0xc0d   0xa4  Code  Gb  blinky.o [2]
out                           0xa49   0x18  Code  Lc  xprintftiny.o [3]
printf                        0xe39   0x28  Code  Gb  printf.o [3]
pui32Stack              0x2000'0010  0x100  Data  Lc  startup_ewarm.o [2]
putchar                      0x10a5   0x20  Code  Gb  putchar.o [3]
strlen                        0xb85         Code  Gb  strlen.o [6]


[1] = C:\Users\kamir\Desktop\Camilo\Faculdade\2022-2\Sistemas Embarcados\kamiros7_ELF74\Lab2\ewarm\Obj
[2] = C:\Users\kamir\Desktop\Camilo\Faculdade\2022-2\Sistemas Embarcados\kamiros7_ELF74\Lab2\ewarm\Obj\Source
[3] = dl7M_tln.a
[4] = driverlib.a
[5] = m7M_tls.a
[6] = rt7M_tl.a
[7] = shb_l.a

  3'244 bytes of readonly  code memory
  1'292 bytes of readonly  data memory
    271 bytes of readwrite data memory

Errors: none
Warnings: none
