###############################################################################
#
# IAR ELF Linker V9.30.1.335/W64 for ARM                  29/Aug/2022  10:57:14
# Copyright 2007-2022 IAR Systems AB.
#
#    Output file  =
#        C:\Users\kamir\Desktop\Camilo\Faculdade\2022-2\Sistemas
#        Embarcados\kamiros7_ELF74\Lab2\ewarm\Exe\Lab2.out
#    Map file     =
#        C:\Users\kamir\Desktop\Camilo\Faculdade\2022-2\Sistemas
#        Embarcados\kamiros7_ELF74\Lab2\ewarm\List\Lab2.map
#    Command line =
#        -f "C:\Users\kamir\Desktop\Camilo\Faculdade\2022-2\Sistemas
#        Embarcados\kamiros7_ELF74\Lab2\ewarm\Exe\Lab2.out.rsp"
#        ("C:\Users\kamir\Desktop\Camilo\Faculdade\2022-2\Sistemas
#        Embarcados\kamiros7_ELF74\Lab2\ewarm\Obj\Source\blinky.o"
#        "C:\Users\kamir\Desktop\Camilo\Faculdade\2022-2\Sistemas
#        Embarcados\kamiros7_ELF74\Lab2\ewarm\Obj\buttons.o"
#        "C:\Users\kamir\Desktop\Camilo\Faculdade\2022-2\Sistemas
#        Embarcados\TivaWare_C_Series-2.2.0.295\driverlib\ewarm\Exe\driverlib.a"
#        "C:\Users\kamir\Desktop\Camilo\Faculdade\2022-2\Sistemas
#        Embarcados\kamiros7_ELF74\Lab2\ewarm\Obj\pinout.o"
#        "C:\Users\kamir\Desktop\Camilo\Faculdade\2022-2\Sistemas
#        Embarcados\kamiros7_ELF74\Lab2\ewarm\Obj\Source\startup_ewarm.o"
#        --no_out_extension -o
#        "C:\Users\kamir\Desktop\Camilo\Faculdade\2022-2\Sistemas
#        Embarcados\kamiros7_ELF74\Lab2\ewarm\Exe\Lab2.out" --map
#        "C:\Users\kamir\Desktop\Camilo\Faculdade\2022-2\Sistemas
#        Embarcados\kamiros7_ELF74\Lab2\ewarm\List\Lab2.map" --config
#        "C:\Users\kamir\Desktop\Camilo\Faculdade\2022-2\Sistemas
#        Embarcados\kamiros7_ELF74\Lab2\Tiva.icf" --semihosting --entry
#        __iar_program_start --vfe --text_out locale --cpu=Cortex-M4
#        --fpu=VFPv4_sp)
#
###############################################################################

*******************************************************************************
*** RUNTIME MODEL ATTRIBUTES
***

CppFlavor       = *
__CPP_Runtime   = 1
__SystemLibrary = DLib
__dlib_version  = 6


*******************************************************************************
*** HEAP SELECTION
***

The basic heap was selected because --advanced_heap
was not specified and the application did not appear to
be primarily optimized for speed.


*******************************************************************************
*** PLACEMENT SUMMARY
***

"A0":  place at start of [from 0x0 to 0xf'ffff] { ro section .intvec };
"P1":  place in [from 0x0 to 0xf'ffff] { ro };
"A1":  place at start of [from 0x2000'0000 to 0x2003'ffff] { section VTABLE };
define block CSTACK with size = 32K, alignment = 8 { };
define block HEAP with size = 64K, alignment = 8 { };
"P2":  place in [from 0x2000'0000 to 0x2003'ffff] {
          rw, block CSTACK, block HEAP };
do not initialize { section .noinit };
initialize by copy { rw };

  Section            Kind         Address    Size  Object
  -------            ----         -------    ----  ------
"A0":                                       0x200
  .intvec            const            0x0   0x200  startup_ewarm.o [2]
                                  - 0x200   0x200

"P1":                                      0x1040
  .text              ro code        0x200   0x2b4  sysctl.o [4]
  .text              ro code        0x4b4   0x238  gpio.o [4]
  .text              ro code        0x6ec   0x1bc  blinky.o [2]
  .text              ro code        0x8a8   0x106  timer.o [4]
  .text              ro code        0x9ae    0x3a  packbits_init_single.o [6]
  .text              ro code        0x9e8    0xd8  interrupt.o [4]
  .text              ro code        0xac0    0x48  buttons.o [1]
  .text              ro code        0xb08    0x28  printf.o [3]
  .text              ro code        0xb30     0x8  cpu.o [4]
  .text              ro code        0xb38   0x13c  xprintftiny.o [3]
  .text              ro code        0xc74    0x36  strlen.o [6]
  .rodata            const          0xcac   0x1b0  sysctl.o [4]
  .rodata            const          0xe5c    0xa0  timer.o [4]
  .rodata            const          0xefc    0x9c  interrupt.o [4]
  .text              ro code        0xf98    0x7c  iarttio.o [7]
  .text              ro code       0x1014     0x8  XShttio.o [3]
  .rodata            const         0x101c    0x6c  sysctl.o [4]
  .rodata            const         0x1088    0x30  sysctl.o [4]
  .text              ro code       0x10b8    0x28  data_init.o [6]
  .text              ro code       0x10e0    0x22  fpinit_M.o [5]
  .text              ro code       0x1102    0x22  iarwrite.o [7]
  .iar.init_table    const         0x1124    0x10  - Linker created -
  .text              ro code       0x1134    0x20  putchar.o [3]
  .text              ro code       0x1154    0x10  write.o [7]
  .text              ro code       0x1164    0x1e  dwrite.o [7]
  .text              ro code       0x1182    0x20  iarwstd.o [7]
  .text              ro code       0x11a4    0x1e  cmain.o [6]
  .text              ro code       0x11c2     0x4  low_level_init.o [3]
  .text              ro code       0x11c6     0x4  exit.o [3]
  .text              ro code       0x11cc     0xa  cexit.o [6]
  .text              ro code       0x11d8    0x14  exit.o [7]
  .text              ro code       0x11ec    0x1c  cstartup_M.o [6]
  .text              ro code       0x1208    0x1a  startup_ewarm.o [2]
  .text              ro code       0x1222    0x16  xprout.o [3]
  .rodata            const         0x1238     0x0  packbits_init_single.o [6]
  Initializer bytes  const         0x1238     0x8  <for P2-1>
                                 - 0x1240  0x1040

"A1":                                       0x26c
  VTABLE             uninit   0x2000'0000   0x26c  interrupt.o [4]
                            - 0x2000'026c   0x26c

"P2", part 1 of 2:                           0x17
  P2-1                        0x2000'026c    0x17  <Init block>
    .data            inited   0x2000'026c     0x8  XShttio.o [3]
    .bss             inited   0x2000'0274     0xc  blinky.o [2]
    .data            inited   0x2000'0280     0x3  buttons.o [1]
                            - 0x2000'0283    0x17

"P2", part 2 of 2:                          0x100
  .noinit            uninit   0x2000'0284   0x100  startup_ewarm.o [2]
                            - 0x2000'0384   0x100

Unused ranges:

         From           To      Size
         ----           --      ----
       0x1240     0xf'ffff  0xf'edc0
  0x2000'0283  0x2000'0283       0x1
  0x2000'0384  0x2003'ffff  0x3'fc7c


*******************************************************************************
*** INIT TABLE
***

          Address      Size
          -------      ----
Copy/packbits (__iar_packbits_init_single3)
    1 source range, total size 0x8 (34% of destination):
               0x1238   0x8
    1 destination range, total size 0x17:
          0x2000'026c  0x17



*******************************************************************************
*** MODULE SUMMARY
***

    Module                  ro code  ro data  rw data
    ------                  -------  -------  -------
command line/config:
    -------------------------------------------------
    Total:

C:\Users\kamir\Desktop\Camilo\Faculdade\2022-2\Sistemas Embarcados\kamiros7_ELF74\Lab2\ewarm\Obj: [1]
    buttons.o                    72        2        3
    -------------------------------------------------
    Total:                       72        2        3

C:\Users\kamir\Desktop\Camilo\Faculdade\2022-2\Sistemas Embarcados\kamiros7_ELF74\Lab2\ewarm\Obj\Source: [2]
    blinky.o                    444        4       12
    startup_ewarm.o              26      512      256
    -------------------------------------------------
    Total:                      470      516      268

dl7M_tln.a: [3]
    XShttio.o                     8        2        8
    exit.o                        4
    low_level_init.o              4
    printf.o                     40
    putchar.o                    32
    xprintftiny.o               316
    xprout.o                     22
    -------------------------------------------------
    Total:                      426        2        8

driverlib.a: [4]
    cpu.o                         8
    gpio.o                      568
    interrupt.o                 216      156      620
    sysctl.o                    692      588
    timer.o                     262      160
    -------------------------------------------------
    Total:                    1'746      904      620

m7M_tls.a: [5]
    fpinit_M.o                   34
    -------------------------------------------------
    Total:                       34

rt7M_tl.a: [6]
    cexit.o                      10
    cmain.o                      30
    cstartup_M.o                 28
    data_init.o                  40
    packbits_init_single.o       58
    strlen.o                     54
    -------------------------------------------------
    Total:                      220

shb_l.a: [7]
    dwrite.o                     30
    exit.o                       20
    iarttio.o                   124
    iarwrite.o                   34
    iarwstd.o                    32
    write.o                      16
    -------------------------------------------------
    Total:                      256

    Gaps                          6        2
    Linker created                        16
-----------------------------------------------------
    Grand Total:              3'230    1'442      899


*******************************************************************************
*** ENTRY LIST
***

Entry                       Address   Size  Type      Object
-----                       -------   ----  ----      ------
.iar.init_table$$Base        0x1124          --   Gb  - Linker created -
.iar.init_table$$Limit       0x1134          --   Gb  - Linker created -
?main                        0x11a5         Code  Gb  cmain.o [6]
ButtonsInit                   0xac1   0x36  Code  Gb  buttons.o [1]
ButtonsPoll::ui8SwitchClockA
                        0x2000'0281    0x1  Data  Lc  buttons.o [1]
ButtonsPoll::ui8SwitchClockB
                        0x2000'0282    0x1  Data  Lc  buttons.o [1]
CPUcpsie                      0xb31    0x8  Code  Gb  cpu.o [4]
FaultISR                     0x121f    0x2  Code  Lc  startup_ewarm.o [2]
GPIODirModeSet                0x4b5   0x28  Code  Gb  gpio.o [4]
GPIOIntEnable                 0x6af    0x6  Code  Gb  gpio.o [4]
GPIOIntTypeSet                0x4dd   0x4c  Code  Gb  gpio.o [4]
GPIOPadConfigSet              0x529  0x186  Code  Gb  gpio.o [4]
GPIOPinTypeGPIOOutput         0x6bd    0xa  Code  Gb  gpio.o [4]
GPIOPinWrite                  0x6b5    0x8  Code  Gb  gpio.o [4]
IntDefaultHandler            0x1221    0x2  Code  Lc  startup_ewarm.o [2]
IntEnable                     0xa45   0x52  Code  Gb  interrupt.o [4]
IntGPIOj                      0x6ed   0x14  Code  Gb  blinky.o [2]
IntMasterEnable               0x9e9    0x8  Code  Gb  interrupt.o [4]
IntPrioritySet                0xa25   0x20  Code  Gb  interrupt.o [4]
IntRegister                   0x9f9   0x2c  Code  Gb  interrupt.o [4]
NmiSR                        0x121d    0x2  Code  Lc  startup_ewarm.o [2]
Region$$Table$$Base          0x1124          --   Gb  - Linker created -
Region$$Table$$Limit         0x1134          --   Gb  - Linker created -
ResetISR                     0x1209    0xe  Code  Gb  startup_ewarm.o [2]
SysCtlClockFreqSet            0x26d  0x206  Code  Gb  sysctl.o [4]
SysCtlDelay                   0x265    0x8  Code  Gb  sysctl.o [4]
SysCtlPeripheralEnable        0x245    0x8  Code  Gb  sysctl.o [4]
SysCtlPeripheralReady         0x223    0x8  Code  Gb  sysctl.o [4]
TimerConfigure                0x8f7   0x54  Code  Gb  timer.o [4]
TimerEnable                   0x8e7   0x10  Code  Gb  timer.o [4]
TimerIntClear                 0x9a9    0x6  Code  Gb  timer.o [4]
TimerIntEnable                0x99f    0xa  Code  Gb  timer.o [4]
TimerIntRegister              0x985   0x1a  Code  Gb  timer.o [4]
TimerLoadSet                  0x961   0x18  Code  Gb  timer.o [4]
TimerValueGet                 0x979    0xc  Code  Gb  timer.o [4]
_PrintfTiny                   0xb51  0x124  Code  Gb  xprintftiny.o [3]
_Prout                       0x1223   0x16  Code  Gb  xprout.o [3]
_SysCtlMemTimingGet           0x201   0x22  Code  Lc  sysctl.o [4]
_TimerIntNumberGet            0x8a9   0x3e  Code  Lc  timer.o [4]
__cmain                      0x11a5         Code  Gb  cmain.o [6]
__dwrite                     0x1165   0x1e  Code  Gb  dwrite.o [7]
__exit                       0x11d9   0x14  Code  Gb  exit.o [7]
__iar_close_ttio              0xf99   0x2c  Code  Gb  iarttio.o [7]
__iar_data_init3             0x10b9   0x28  Code  Gb  data_init.o [6]
__iar_get_ttio                0xfc5   0x4c  Code  Gb  iarttio.o [7]
__iar_init_vfp               0x10e1         Code  Gb  fpinit_M.o [5]
__iar_lookup_ttioh           0x1015    0x8  Code  Gb  XShttio.o [3]
__iar_packbits_init_single3
                              0x9af   0x3a  Code  Gb  packbits_init_single.o [6]
__iar_program_start          0x11ed         Code  Gb  cstartup_M.o [6]
__iar_sh_stdout              0x1183   0x20  Code  Gb  iarwstd.o [7]
__iar_sh_write               0x1103   0x22  Code  Gb  iarwrite.o [7]
__iar_ttio_handles      0x2000'026c    0x8  Data  Lc  XShttio.o [3]
__low_level_init             0x11c3    0x4  Code  Gb  low_level_init.o [3]
__vector_table                  0x0  0x200  Data  Gb  startup_ewarm.o [2]
__write                      0x1155   0x10  Code  Gb  write.o [7]
_call_main                   0x11b1         Code  Gb  cmain.o [6]
_exit                        0x11cd         Code  Gb  cexit.o [6]
currentTimerValueCounter
                        0x2000'0278    0x4  Data  Gb  blinky.o [2]
exit                         0x11c7    0x4  Code  Gb  exit.o [3]
flagInterruptPortJ      0x2000'0274    0x4  Data  Gb  blinky.o [2]
flagTimerValueCounter   0x2000'027c    0x4  Data  Gb  blinky.o [2]
g_pfnRAMVectors         0x2000'0000  0x26c  Data  Lc  interrupt.o [4]
g_pppui32XTALtoVCO            0xcac  0x1b0  Data  Lc  sysctl.o [4]
g_ppui32TimerIntMap           0xe5c   0x60  Data  Lc  timer.o [4]
g_ppui32TimerIntMapSnowflake
                              0xebc   0x40  Data  Lc  timer.o [4]
g_pui32EnRegs                 0xaac   0x14  Data  Lc  interrupt.o [4]
g_pui32Regs                   0xefc   0x9c  Data  Lc  interrupt.o [4]
g_pui32VCOFrequencies         0x4ac    0x8  Data  Lc  sysctl.o [4]
g_pui32Xtals                 0x101c   0x6c  Data  Lc  sysctl.o [4]
g_sXTALtoMEMTIM              0x1088   0x30  Data  Lc  sysctl.o [4]
g_ui8ButtonStates       0x2000'0280    0x1  Data  Lc  buttons.o [1]
initInterrupt                 0x701   0x2c  Code  Gb  blinky.o [2]
initTimer                     0x741   0x42  Code  Gb  blinky.o [2]
main                          0x785   0xac  Code  Gb  blinky.o [2]
out                           0xb39   0x18  Code  Lc  xprintftiny.o [3]
printf                        0xb09   0x28  Code  Gb  printf.o [3]
pui32Stack              0x2000'0284  0x100  Data  Lc  startup_ewarm.o [2]
putchar                      0x1135   0x20  Code  Gb  putchar.o [3]
strlen                        0xc75         Code  Gb  strlen.o [6]
timerInterrupt                0x72d   0x14  Code  Gb  blinky.o [2]


[1] = C:\Users\kamir\Desktop\Camilo\Faculdade\2022-2\Sistemas Embarcados\kamiros7_ELF74\Lab2\ewarm\Obj
[2] = C:\Users\kamir\Desktop\Camilo\Faculdade\2022-2\Sistemas Embarcados\kamiros7_ELF74\Lab2\ewarm\Obj\Source
[3] = dl7M_tln.a
[4] = driverlib.a
[5] = m7M_tls.a
[6] = rt7M_tl.a
[7] = shb_l.a

  3'230 bytes of readonly  code memory
  1'442 bytes of readonly  data memory
    899 bytes of readwrite data memory

Errors: none
Warnings: none
